../Core/Src/main.c:116:5:main	8	static
../Core/Src/main.c:206:6:SystemClock_Config	96	static
../Core/Src/main.c:267:13:MX_DFSDM1_Init	8	static
../Core/Src/main.c:305:13:MX_I2C2_Init	8	static
../Core/Src/main.c:353:13:MX_QUADSPI_Init	8	static
../Core/Src/main.c:386:13:MX_USART3_UART_Init	8	static
../Core/Src/main.c:421:13:MX_USB_OTG_FS_PCD_Init	8	static
../Core/Src/main.c:456:13:MX_GPIO_Init	48	static
../Core/Src/main.c:647:6:StartTASK_BLE	16	static
../Core/Src/main.c:673:6:StartTASK_ACC	32	static
../Core/Src/main.c:706:6:Error_Handler	4	static,ignoring_inline_asm
