/Users/walkerhsu/school/G4/ES_lab/ES_lab_HW2/STM32CubeL4/Drivers/BSP/Components/lsm6dsl/lsm6dsl.c:83:6:LSM6DSL_AccInit	24	static
/Users/walkerhsu/school/G4/ES_lab/ES_lab_HW2/STM32CubeL4/Drivers/BSP/Components/lsm6dsl/lsm6dsl.c:110:6:LSM6DSL_AccDeInit	16	static
/Users/walkerhsu/school/G4/ES_lab/ES_lab_HW2/STM32CubeL4/Drivers/BSP/Components/lsm6dsl/lsm6dsl.c:131:9:LSM6DSL_AccReadID	8	static
/Users/walkerhsu/school/G4/ES_lab/ES_lab_HW2/STM32CubeL4/Drivers/BSP/Components/lsm6dsl/lsm6dsl.c:143:6:LSM6DSL_AccLowPower	24	static
/Users/walkerhsu/school/G4/ES_lab/ES_lab_HW2/STM32CubeL4/Drivers/BSP/Components/lsm6dsl/lsm6dsl.c:170:6:LSM6DSL_AccReadXYZ	40	static
/Users/walkerhsu/school/G4/ES_lab/ES_lab_HW2/STM32CubeL4/Drivers/BSP/Components/lsm6dsl/lsm6dsl.c:227:6:LSM6DSL_GyroInit	24	static
/Users/walkerhsu/school/G4/ES_lab/ES_lab_HW2/STM32CubeL4/Drivers/BSP/Components/lsm6dsl/lsm6dsl.c:255:6:LSM6DSL_GyroDeInit	16	static
/Users/walkerhsu/school/G4/ES_lab/ES_lab_HW2/STM32CubeL4/Drivers/BSP/Components/lsm6dsl/lsm6dsl.c:276:9:LSM6DSL_GyroReadID	8	static
/Users/walkerhsu/school/G4/ES_lab/ES_lab_HW2/STM32CubeL4/Drivers/BSP/Components/lsm6dsl/lsm6dsl.c:288:6:LSM6DSL_GyroLowPower	24	static
/Users/walkerhsu/school/G4/ES_lab/ES_lab_HW2/STM32CubeL4/Drivers/BSP/Components/lsm6dsl/lsm6dsl.c:315:6:LSM6DSL_GyroReadXYZAngRate	40	static
