../Drivers/CMSIS/Include/core_cm4.h:1906:22:__NVIC_SetVector	24	static
../Core/Src/main.c:81:5:__io_putchar	16	static
../Core/Src/main.c:86:6:HAL_ADC_MspInit	24	static
../Core/Src/main.c:97:6:HAL_ADC_MspDeInit	16	static
../Core/Src/main.c:107:6:ADC1_Init	48	static
../Core/Src/main.c:162:6:HAL_ADC_ConvCpltCallback	24	static
../Core/Src/main.c:172:6:HAL_ADC_ConvHalfCpltCallback	24	static
../Core/Src/main.c:182:6:DMA1_Channel1_IRQHandler	8	static
../Core/Src/main.c:188:6:ADC1_DMA1CH1_init	16	static
../Core/Src/main.c:215:6:HAL_TIM_Base_MspInit	24	static
../Core/Src/main.c:223:6:HAL_TIM_Base_MspDeInit	16	static
../Core/Src/main.c:232:13:TIM1_Init	40	static
../Core/Src/main.c:265:5:main	8	static
../Core/Src/main.c:320:6:SystemClock_Config	96	static
../Core/Src/main.c:381:13:MX_DFSDM1_Init	8	static
../Core/Src/main.c:419:13:MX_I2C2_Init	8	static
../Core/Src/main.c:467:13:MX_QUADSPI_Init	8	static
../Core/Src/main.c:500:13:MX_SPI3_Init	8	static
../Core/Src/main.c:540:13:MX_USART1_UART_Init	8	static
../Core/Src/main.c:575:13:MX_USART3_UART_Init	8	static
../Core/Src/main.c:610:13:MX_USB_OTG_FS_PCD_Init	8	static
../Core/Src/main.c:645:13:MX_GPIO_Init	48	static
../Core/Src/main.c:839:6:Error_Handler	4	static,ignoring_inline_asm
