../Core/Src/main.c:105:5:main	48	static
../Core/Src/main.c:210:6:SystemClock_Config	96	static
../Core/Src/main.c:271:13:MX_DFSDM1_Init	8	static
../Core/Src/main.c:309:13:MX_I2C2_Init	8	static
../Core/Src/main.c:357:13:MX_QUADSPI_Init	8	static
../Core/Src/main.c:390:13:MX_USART3_UART_Init	8	static
../Core/Src/main.c:425:13:MX_USB_OTG_FS_PCD_Init	8	static
../Core/Src/main.c:460:13:MX_GPIO_Init	48	static
../Core/Src/main.c:651:6:StartTaskDataTrans	16	static
../Core/Src/main.c:669:6:Error_Handler	4	static,ignoring_inline_asm
