../Core/Src/main.c:167:5:main	8	static
../Core/Src/main.c:273:6:SystemClock_Config	96	static
../Core/Src/main.c:334:13:MX_DFSDM1_Init	8	static
../Core/Src/main.c:372:13:MX_I2C2_Init	8	static
../Core/Src/main.c:420:13:MX_QUADSPI_Init	8	static
../Core/Src/main.c:453:13:MX_USART3_UART_Init	8	static
../Core/Src/main.c:488:13:MX_USB_OTG_FS_PCD_Init	8	static
../Core/Src/main.c:523:13:MX_GPIO_Init	48	static
../Core/Src/main.c:714:6:StartTaskDataTrans	16	static
../Core/Src/main.c:737:6:StartTaskBLE	16	static
../Core/Src/main.c:756:6:StartTaskRemind	24	static
../Core/Src/main.c:780:6:StartTaskGyro	152	dynamic
../Core/Src/main.c:915:6:Error_Handler	4	static,ignoring_inline_asm
