Archive member included to satisfy reference by file (symbol)

D:/STM32CubeIDE_1.16.1/STM32CubeIDE/plugins/com.st.stm32cube.ide.mcu.externaltools.gnu-tools-for-stm32.12.3.rel1.win32_1.0.200.202406191623/tools/bin/../lib/gcc/arm-none-eabi/12.3.1/../../../../arm-none-eabi/lib/thumb/v7e-m+fp/hard\libc_nano.a(libc_a-exit.o)
                              D:/STM32CubeIDE_1.16.1/STM32CubeIDE/plugins/com.st.stm32cube.ide.mcu.externaltools.gnu-tools-for-stm32.12.3.rel1.win32_1.0.200.202406191623/tools/bin/../lib/gcc/arm-none-eabi/12.3.1/../../../../arm-none-eabi/lib/thumb/v7e-m+fp/hard/crt0.o (exit)
D:/STM32CubeIDE_1.16.1/STM32CubeIDE/plugins/com.st.stm32cube.ide.mcu.externaltools.gnu-tools-for-stm32.12.3.rel1.win32_1.0.200.202406191623/tools/bin/../lib/gcc/arm-none-eabi/12.3.1/../../../../arm-none-eabi/lib/thumb/v7e-m+fp/hard\libc_nano.a(libc_a-rand.o)
                              ./BlueNRG_MS/App/app_bluenrg_ms.o (rand)
D:/STM32CubeIDE_1.16.1/STM32CubeIDE/plugins/com.st.stm32cube.ide.mcu.externaltools.gnu-tools-for-stm32.12.3.rel1.win32_1.0.200.202406191623/tools/bin/../lib/gcc/arm-none-eabi/12.3.1/../../../../arm-none-eabi/lib/thumb/v7e-m+fp/hard\libc_nano.a(libc_a-nano-vfprintf_float.o)
                              (_printf_float)
D:/STM32CubeIDE_1.16.1/STM32CubeIDE/plugins/com.st.stm32cube.ide.mcu.externaltools.gnu-tools-for-stm32.12.3.rel1.win32_1.0.200.202406191623/tools/bin/../lib/gcc/arm-none-eabi/12.3.1/../../../../arm-none-eabi/lib/thumb/v7e-m+fp/hard\libc_nano.a(libc_a-nano-vfprintf_i.o)
                              D:/STM32CubeIDE_1.16.1/STM32CubeIDE/plugins/com.st.stm32cube.ide.mcu.externaltools.gnu-tools-for-stm32.12.3.rel1.win32_1.0.200.202406191623/tools/bin/../lib/gcc/arm-none-eabi/12.3.1/../../../../arm-none-eabi/lib/thumb/v7e-m+fp/hard\libc_nano.a(libc_a-nano-vfprintf_float.o) (_printf_common)
D:/STM32CubeIDE_1.16.1/STM32CubeIDE/plugins/com.st.stm32cube.ide.mcu.externaltools.gnu-tools-for-stm32.12.3.rel1.win32_1.0.200.202406191623/tools/bin/../lib/gcc/arm-none-eabi/12.3.1/../../../../arm-none-eabi/lib/thumb/v7e-m+fp/hard\libc_nano.a(libc_a-findfp.o)
                              D:/STM32CubeIDE_1.16.1/STM32CubeIDE/plugins/com.st.stm32cube.ide.mcu.externaltools.gnu-tools-for-stm32.12.3.rel1.win32_1.0.200.202406191623/tools/bin/../lib/gcc/arm-none-eabi/12.3.1/../../../../arm-none-eabi/lib/thumb/v7e-m+fp/hard\libc_nano.a(libc_a-exit.o) (__stdio_exit_handler)
D:/STM32CubeIDE_1.16.1/STM32CubeIDE/plugins/com.st.stm32cube.ide.mcu.externaltools.gnu-tools-for-stm32.12.3.rel1.win32_1.0.200.202406191623/tools/bin/../lib/gcc/arm-none-eabi/12.3.1/../../../../arm-none-eabi/lib/thumb/v7e-m+fp/hard\libc_nano.a(libc_a-fwalk.o)
                              D:/STM32CubeIDE_1.16.1/STM32CubeIDE/plugins/com.st.stm32cube.ide.mcu.externaltools.gnu-tools-for-stm32.12.3.rel1.win32_1.0.200.202406191623/tools/bin/../lib/gcc/arm-none-eabi/12.3.1/../../../../arm-none-eabi/lib/thumb/v7e-m+fp/hard\libc_nano.a(libc_a-findfp.o) (_fwalk_sglue)
D:/STM32CubeIDE_1.16.1/STM32CubeIDE/plugins/com.st.stm32cube.ide.mcu.externaltools.gnu-tools-for-stm32.12.3.rel1.win32_1.0.200.202406191623/tools/bin/../lib/gcc/arm-none-eabi/12.3.1/../../../../arm-none-eabi/lib/thumb/v7e-m+fp/hard\libc_nano.a(libc_a-printf.o)
                              ./Core/Src/main.o (printf)
D:/STM32CubeIDE_1.16.1/STM32CubeIDE/plugins/com.st.stm32cube.ide.mcu.externaltools.gnu-tools-for-stm32.12.3.rel1.win32_1.0.200.202406191623/tools/bin/../lib/gcc/arm-none-eabi/12.3.1/../../../../arm-none-eabi/lib/thumb/v7e-m+fp/hard\libc_nano.a(libc_a-puts.o)
                              ./Core/Src/main.o (puts)
D:/STM32CubeIDE_1.16.1/STM32CubeIDE/plugins/com.st.stm32cube.ide.mcu.externaltools.gnu-tools-for-stm32.12.3.rel1.win32_1.0.200.202406191623/tools/bin/../lib/gcc/arm-none-eabi/12.3.1/../../../../arm-none-eabi/lib/thumb/v7e-m+fp/hard\libc_nano.a(libc_a-stdio.o)
                              D:/STM32CubeIDE_1.16.1/STM32CubeIDE/plugins/com.st.stm32cube.ide.mcu.externaltools.gnu-tools-for-stm32.12.3.rel1.win32_1.0.200.202406191623/tools/bin/../lib/gcc/arm-none-eabi/12.3.1/../../../../arm-none-eabi/lib/thumb/v7e-m+fp/hard\libc_nano.a(libc_a-findfp.o) (__sread)
D:/STM32CubeIDE_1.16.1/STM32CubeIDE/plugins/com.st.stm32cube.ide.mcu.externaltools.gnu-tools-for-stm32.12.3.rel1.win32_1.0.200.202406191623/tools/bin/../lib/gcc/arm-none-eabi/12.3.1/../../../../arm-none-eabi/lib/thumb/v7e-m+fp/hard\libc_nano.a(libc_a-wbuf.o)
                              D:/STM32CubeIDE_1.16.1/STM32CubeIDE/plugins/com.st.stm32cube.ide.mcu.externaltools.gnu-tools-for-stm32.12.3.rel1.win32_1.0.200.202406191623/tools/bin/../lib/gcc/arm-none-eabi/12.3.1/../../../../arm-none-eabi/lib/thumb/v7e-m+fp/hard\libc_nano.a(libc_a-puts.o) (__swbuf_r)
D:/STM32CubeIDE_1.16.1/STM32CubeIDE/plugins/com.st.stm32cube.ide.mcu.externaltools.gnu-tools-for-stm32.12.3.rel1.win32_1.0.200.202406191623/tools/bin/../lib/gcc/arm-none-eabi/12.3.1/../../../../arm-none-eabi/lib/thumb/v7e-m+fp/hard\libc_nano.a(libc_a-wsetup.o)
[...]
Memory Configuration

Name             Origin             Length             Attributes
RAM              0x20000000         0x00018000         xrw
RAM2             0x10000000         0x00008000         xrw
FLASH            0x08000000         0x00100000         xr
*default*        0x00000000         0xffffffff

Linker script and memory map

LOAD D:/STM32CubeIDE_1.16.1/STM32CubeIDE/plugins/com.st.stm32cube.ide.mcu.externaltools.gnu-tools-for-stm32.12.3.rel1.win32_1.0.200.202406191623/tools/bin/../lib/gcc/arm-none-eabi/12.3.1/thumb/v7e-m+fp/hard/crti.o
LOAD D:/STM32CubeIDE_1.16.1/STM32CubeIDE/plugins/com.st.stm32cube.ide.mcu.externaltools.gnu-tools-for-stm32.12.3.rel1.win32_1.0.200.202406191623/tools/bin/../lib/gcc/arm-none-eabi/12.3.1/thumb/v7e-m+fp/hard/crtbegin.o
LOAD D:/STM32CubeIDE_1.16.1/STM32CubeIDE/plugins/com.st.stm32cube.ide.mcu.externaltools.gnu-tools-for-stm32.12.3.rel1.win32_1.0.200.202406191623/tools/bin/../lib/gcc/arm-none-eabi/12.3.1/../../../../arm-none-eabi/lib/thumb/v7e-m+fp/hard/crt0.o
LOAD ./BlueNRG_MS/App/app_bluenrg_ms.o
LOAD ./BlueNRG_MS/App/gatt_db.o
LOAD ./BlueNRG_MS/App/sensor.o
LOAD ./BlueNRG_MS/Target/hci_tl_interface.o
LOAD ./Core/Src/freertos.o
LOAD ./Core/Src/main.o
LOAD ./Core/Src/stm32l4xx_hal_msp.o
LOAD ./Core/Src/stm32l4xx_it.o
LOAD ./Core/Src/syscalls.o
LOAD ./Core/Src/sysmem.o
LOAD ./Core/Src/system_stm32l4xx.o
LOAD ./Core/Startup/startup_stm32l475vgtx.o
LOAD ./Drivers/BSP/B-L475E-IOT01A1/b_l475e_iot01a1.o
LOAD ./Drivers/BSP/B-L475E-IOT01A1/b_l475e_iot01a1_bus.o
LOAD ./Drivers/BSP/B-L475E-IOT01A1/stm32l475e_iot01_gyro.o
LOAD ./Drivers/BSP/Components/lsm6dsl/lsm6dsl.o
LOAD ./Drivers/STM32L4xx_HAL_Driver/Src/stm32l4xx_hal.o
LOAD ./Drivers/STM32L4xx_HAL_Driver/Src/stm32l4xx_hal_cortex.o
LOAD ./Drivers/STM32L4xx_HAL_Driver/Src/stm32l4xx_hal_dfsdm.o
LOAD ./Drivers/STM32L4xx_HAL_Driver/Src/stm32l4xx_hal_dma.o
LOAD ./Drivers/STM32L4xx_HAL_Driver/Src/stm32l4xx_hal_dma_ex.o
LOAD ./Drivers/STM32L4xx_HAL_Driver/Src/stm32l4xx_hal_exti.o
LOAD ./Drivers/STM32L4xx_HAL_Driver/Src/stm32l4xx_hal_flash.o
LOAD ./Drivers/STM32L4xx_HAL_Driver/Src/stm32l4xx_hal_flash_ex.o
LOAD ./Drivers/STM32L4xx_HAL_Driver/Src/stm32l4xx_hal_flash_ramfunc.o
LOAD ./Drivers/STM32L4xx_HAL_Driver/Src/stm32l4xx_hal_gpio.o
LOAD ./Drivers/STM32L4xx_HAL_Driver/Src/stm32l4xx_hal_i2c.o
LOAD ./Drivers/STM32L4xx_HAL_Driver/Src/stm32l4xx_hal_i2c_ex.o
LOAD ./Drivers/STM32L4xx_HAL_Driver/Src/stm32l4xx_hal_pcd.o
LOAD ./Drivers/STM32L4xx_HAL_Driver/Src/stm32l4xx_hal_pcd_ex.o
LOAD ./Drivers/STM32L4xx_HAL_Driver/Src/stm32l4xx_hal_pwr.o
LOAD ./Drivers/STM32L4xx_HAL_Driver/Src/stm32l4xx_hal_pwr_ex.o
LOAD ./Drivers/STM32L4xx_HAL_Driver/Src/stm32l4xx_hal_qspi.o
LOAD ./Drivers/STM32L4xx_HAL_Driver/Src/stm32l4xx_hal_rcc.o
LOAD ./Drivers/STM32L4xx_HAL_Driver/Src/stm32l4xx_hal_rcc_ex.o
LOAD ./Drivers/STM32L4xx_HAL_Driver/Src/stm32l4xx_hal_spi.o
LOAD ./Drivers/STM32L4xx_HAL_Driver/Src/stm32l4xx_hal_spi_ex.o
LOAD ./Drivers/STM32L4xx_HAL_Driver/Src/stm32l4xx_hal_tim.o
LOAD ./Drivers/STM32L4xx_HAL_Driver/Src/stm32l4xx_hal_tim_ex.o
LOAD ./Drivers/STM32L4xx_HAL_Driver/Src/stm32l4xx_hal_uart.o
LOAD ./Drivers/STM32L4xx_HAL_Driver/Src/stm32l4xx_hal_uart_ex.o
LOAD ./Drivers/STM32L4xx_HAL_Driver/Src/stm32l4xx_ll_usb.o
LOAD ./Middlewares/ST/BlueNRG-MS/hci/controller/bluenrg_gap_aci.o
LOAD ./Middlewares/ST/BlueNRG-MS/hci/controller/bluenrg_gatt_aci.o
LOAD ./Middlewares/ST/BlueNRG-MS/hci/controller/bluenrg_hal_aci.o
LOAD ./Middlewares/ST/BlueNRG-MS/hci/controller/bluenrg_l2cap_aci.o
LOAD ./Middlewares/ST/BlueNRG-MS/hci/controller/bluenrg_updater_aci.o
LOAD ./Middlewares/ST/BlueNRG-MS/hci/controller/bluenrg_utils_small.o
LOAD ./Middlewares/ST/BlueNRG-MS/hci/hci_le.o
LOAD ./Middlewares/ST/BlueNRG-MS/hci/hci_tl_patterns/Basic/hci_tl.o
LOAD ./Middlewares/ST/BlueNRG-MS/utils/ble_list.o
LOAD ./Middlewares/Third_Party/FreeRTOS/Source/CMSIS_RTOS_V2/cmsis_os2.o
LOAD ./Middlewares/Third_Party/FreeRTOS/Source/croutine.o
LOAD ./Middlewares/Third_Party/FreeRTOS/Source/event_groups.o
LOAD ./Middlewares/Third_Party/FreeRTOS/Source/list.o
LOAD ./Middlewares/Third_Party/FreeRTOS/Source/queue.o
LOAD ./Middlewares/Third_Party/FreeRTOS/Source/stream_buffer.o
LOAD ./Middlewares/Third_Party/FreeRTOS/Source/tasks.o
LOAD ./Middlewares/Third_Party/FreeRTOS/Source/timers.o
LOAD ./Middlewares/Third_Party/FreeRTOS/Source/portable/GCC/ARM_CM4F/port.o
LOAD ./Middlewares/Third_Party/FreeRTOS/Source/portable/MemMang/heap_4.o
START GROUP
LOAD D:/STM32CubeIDE_1.16.1/STM32CubeIDE/plugins/com.st.stm32cube.ide.mcu.externaltools.gnu-tools-for-stm32.12.3.rel1.win32_1.0.200.202406191623/tools/bin/../lib/gcc/arm-none-eabi/12.3.1/../../../../arm-none-eabi/lib/thumb/v7e-m+fp/hard\libc_nano.a
LOAD D:/STM32CubeIDE_1.16.1/STM32CubeIDE/plugins/com.st.stm32cube.ide.mcu.externaltools.gnu-tools-for-stm32.12.3.rel1.win32_1.0.200.202406191623/tools/bin/../lib/gcc/arm-none-eabi/12.3.1/../../../../arm-none-eabi/lib/thumb/v7e-m+fp/hard\libm.a
END GROUP
START GROUP
LOAD D:/STM32CubeIDE_1.16.1/STM32CubeIDE/plugins/com.st.stm32cube.ide.mcu.externaltools.gnu-tools-for-stm32.12.3.rel1.win32_1.0.200.202406191623/tools/bin/../lib/gcc/arm-none-eabi/12.3.1/thumb/v7e-m+fp/hard\libgcc.a
LOAD D:/STM32CubeIDE_1.16.1/STM32CubeIDE/plugins/com.st.stm32cube.ide.mcu.externaltools.gnu-tools-for-stm32.12.3.rel1.win32_1.0.200.202406191623/tools/bin/../lib/gcc/arm-none-eabi/12.3.1/../../../../arm-none-eabi/lib/thumb/v7e-m+fp/hard\libc_nano.a
END GROUP
START GROUP
LOAD D:/STM32CubeIDE_1.16.1/STM32CubeIDE/plugins/com.st.stm32cube.ide.mcu.externaltools.gnu-tools-for-stm32.12.3.rel1.win32_1.0.200.202406191623/tools/bin/../lib/gcc/arm-none-eabi/12.3.1/thumb/v7e-m+fp/hard\libgcc.a
LOAD D:/STM32CubeIDE_1.16.1/STM32CubeIDE/plugins/com.st.stm32cube.ide.mcu.externaltools.gnu-tools-for-stm32.12.3.rel1.win32_1.0.200.202406191623/tools/bin/../lib/gcc/arm-none-eabi/12.3.1/../../../../arm-none-eabi/lib/thumb/v7e-m+fp/hard\libc_nano.a
LOAD D:/STM32CubeIDE_1.16.1/STM32CubeIDE/plugins/com.st.stm32cube.ide.mcu.externaltools.gnu-tools-for-stm32.12.3.rel1.win32_1.0.200.202406191623/tools/bin/../lib/gcc/arm-none-eabi/12.3.1/../../../../arm-none-eabi/lib/thumb/v7e-m+fp/hard\libnosys.a
END GROUP
START GROUP
LOAD D:/STM32CubeIDE_1.16.1/STM32CubeIDE/plugins/com.st.stm32cube.ide.mcu.externaltools.gnu-tools-for-stm32.12.3.rel1.win32_1.0.200.202406191623/tools/bin/../lib/gcc/arm-none-eabi/12.3.1/thumb/v7e-m+fp/hard\libgcc.a
LOAD D:/STM32CubeIDE_1.16.1/STM32CubeIDE/plugins/com.st.stm32cube.ide.mcu.externaltools.gnu-tools-for-stm32.12.3.rel1.win32_1.0.200.202406191623/tools/bin/../lib/gcc/arm-none-eabi/12.3.1/../../../../arm-none-eabi/lib/thumb/v7e-m+fp/hard\libc_nano.a
LOAD D:/STM32CubeIDE_1.16.1/STM32CubeIDE/plugins/com.st.stm32cube.ide.mcu.externaltools.gnu-tools-for-stm32.12.3.rel1.win32_1.0.200.202406191623/tools/bin/../lib/gcc/arm-none-eabi/12.3.1/../../../../arm-none-eabi/lib/thumb/v7e-m+fp/hard\libnosys.a
END GROUP
LOAD D:/STM32CubeIDE_1.16.1/STM32CubeIDE/plugins/com.st.stm32cube.ide.mcu.externaltools.gnu-tools-for-stm32.12.3.rel1.win32_1.0.200.202406191623/tools/bin/../lib/gcc/arm-none-eabi/12.3.1/thumb/v7e-m+fp/hard/crtend.o
LOAD D:/STM32CubeIDE_1.16.1/STM32CubeIDE/plugins/com.st.stm32cube.ide.mcu.externaltools.gnu-tools-for-stm32.12.3.rel1.win32_1.0.200.202406191623/tools/bin/../lib/gcc/arm-none-eabi/12.3.1/thumb/v7e-m+fp/hard/crtn.o
                0x20018000                        _estack = (ORIGIN (RAM) + LENGTH (RAM))
                0x00000200                        _Min_Heap_Size = 0x200
                0x00000400                        _Min_Stack_Size = 0x400

.isr_vector     0x08000000      0x188
                0x08000000                        . = ALIGN (0x4)
 *(.isr_vector)
 .isr_vector    0x08000000      0x188 ./Core/Startup/startup_stm32l475vgtx.o
                0x08000000                g_pfnVectors
                0x08000188                        . = ALIGN (0x4)

.text           0x08000190     0xf638
                0x08000190                        . = ALIGN (0x4)
 *(.text)
 .text          0x08000190       0x40 D:/STM32CubeIDE_1.16.1/STM32CubeIDE/plugins/com.st.stm32cube.ide.mcu.externaltools.gnu-tools-for-stm32.12.3.rel1.win32_1.0.200.202406191623/tools/bin/../lib/gcc/arm-none-eabi/12.3.1/thumb/v7e-m+fp/hard/crtbegin.o
 .text          0x080001d0       0xa0 D:/STM32CubeIDE_1.16.1/STM32CubeIDE/plugins/com.st.stm32cube.ide.mcu.externaltools.gnu-tools-for-stm32.12.3.rel1.win32_1.0.200.202406191623/tools/bin/../lib/gcc/arm-none-eabi/12.3.1/../../../../arm-none-eabi/lib/thumb/v7e-m+fp/hard\libc_nano.a(libc_a-memchr.o)
                0x080001d0                memchr
 .text          0x08000270       0x10 D:/STM32CubeIDE_1.16.1/STM32CubeIDE/plugins/com.st.stm32cube.ide.mcu.externaltools.gnu-tools-for-stm32.12.3.rel1.win32_1.0.200.202406191623/tools/bin/../lib/gcc/arm-none-eabi/12.3.1/../../../../arm-none-eabi/lib/thumb/v7e-m+fp/hard\libc_nano.a(libc_a-strlen.o)
                0x08000270                strlen
 .text          0x08000280      0x378 D:/STM32CubeIDE_1.16.1/STM32CubeIDE/plugins/com.st.stm32cube.ide.mcu.externaltools.gnu-tools-for-stm32.12.3.rel1.win32_1.0.200.202406191623/tools/bin/../lib/gcc/arm-none-eabi/12.3.1/thumb/v7e-m+fp/hard\libgcc.a(_arm_addsubdf3.o)
                0x08000280                __aeabi_drsub
                0x08000288                __aeabi_dsub
                0x08000288                __subdf3
                0x0800028c                __aeabi_dadd
                0x0800028c                __adddf3
                0x08000504                __floatunsidf
                0x08000504                __aeabi_ui2d
                0x08000524                __floatsidf
                0x08000524                __aeabi_i2d
                0x08000548                __aeabi_f2d
                0x08000548                __extendsfdf2
                0x0800058c                __floatundidf
                0x0800058c                __aeabi_ul2d
                0x0800059c                __floatdidf
                0x0800059c                __aeabi_l2d
 .text          0x080005f8      0x424 D:/STM32CubeIDE_1.16.1/STM32CubeIDE/plugins/com.st.stm32cube.ide.mcu.externaltools.gnu-tools-for-stm32.12.3.rel1.win32_1.0.200.202406191623/tools/bin/../lib/gcc/arm-none-eabi/12.3.1/thumb/v7e-m+fp/hard\libgcc.a(_arm_muldivdf3.o)
                0x080005f8                __aeabi_dmul
                0x080005f8                __muldf3
                0x0800084c                __divdf3
                0x0800084c                __aeabi_ddiv
 .text          0x08000a1c      0x110 D:/STM32CubeIDE_1.16.1/STM32CubeIDE/plugins/com.st.stm32cube.ide.mcu.externaltools.gnu-tools-for-stm32.12.3.rel1.win32_1.0.200.202406191623/tools/bin/../lib/gcc/arm-none-eabi/12.3.1/thumb/v7e-m+fp/hard\libgcc.a(_arm_cmpdf2.o)
                0x08000a1c                __gtdf2
                0x08000a1c                __gedf2
                0x08000a24                __ltdf2
                0x08000a24                __ledf2
                0x08000a2c                __nedf2
                0x08000a2c                __eqdf2
                0x08000a2c                __cmpdf2
                0x08000aa8                __aeabi_cdrcmple
                0x08000ab8                __aeabi_cdcmpeq
                0x08000ab8                __aeabi_cdcmple
                0x08000ac8                __aeabi_dcmpeq
                0x08000adc                __aeabi_dcmplt
                0x08000af0                __aeabi_dcmple
                0x08000b04                __aeabi_dcmpge
                0x08000b18                __aeabi_dcmpgt
 .text          0x08000b2c       0x2c D:/STM32CubeIDE_1.16.1/STM32CubeIDE/plugins/com.st.stm32cube.ide.mcu.externaltools.gnu-tools-for-stm32.12.3.rel1.win32_1.0.200.202406191623/tools/bin/../lib/gcc/arm-none-eabi/12.3.1/thumb/v7e-m+fp/hard\libgcc.a(_arm_unorddf2.o)
                0x08000b2c                __unorddf2
                0x08000b2c                __aeabi_dcmpun
 .text          0x08000b58       0x50 D:/STM32CubeIDE_1.16.1/STM32CubeIDE/plugins/com.st.stm32cube.ide.mcu.externaltools.gnu-tools-for-stm32.12.3.rel1.win32_1.0.200.202406191623/tools/bin/../lib/gcc/arm-none-eabi/12.3.1/thumb/v7e-m+fp/hard\libgcc.a(_arm_fixdfsi.o)
                0x08000b58                __aeabi_d2iz
                0x08000b58                __fixdfsi
 .text          0x08000ba8       0xa0 D:/STM32CubeIDE_1.16.1/STM32CubeIDE/plugins/com.st.stm32cube.ide.mcu.externaltools.gnu-tools-for-stm32.12.3.rel1.win32_1.0.200.202406191623/tools/bin/../lib/gcc/arm-none-eabi/12.3.1/thumb/v7e-m+fp/hard\libgcc.a(_arm_truncdfsf2.o)
                0x08000ba8                __truncdfsf2
                0x08000ba8                __aeabi_d2f
 .text          0x08000c48       0x30 D:/STM32CubeIDE_1.16.1/STM32CubeIDE/plugins/com.st.stm32cube.ide.mcu.externaltools.gnu-tools-for-stm32.12.3.rel1.win32_1.0.200.202406191623/tools/bin/../lib/gcc/arm-none-eabi/12.3.1/thumb/v7e-m+fp/hard\libgcc.a(_aeabi_uldivmod.o)
                0x08000c48                __aeabi_uldivmod
 .text          0x08000c78      0x2bc D:/STM32CubeIDE_1.16.1/STM32CubeIDE/plugins/com.st.stm32cube.ide.mcu.externaltools.gnu-tools-for-stm32.12.3.rel1.win32_1.0.200.202406191623/tools/bin/../lib/gcc/arm-none-eabi/12.3.1/thumb/v7e-m+fp/hard\libgcc.a(_udivmoddi4.o)
                0x08000c78                __udivmoddi4
 .text          0x08000f34        0x4 D:/STM32CubeIDE_1.16.1/STM32CubeIDE/plugins/com.st.stm32cube.ide.mcu.externaltools.gnu-tools-for-stm32.12.3.rel1.win32_1.0.200.202406191623/tools/bin/../lib/gcc/arm-none-eabi/12.3.1/thumb/v7e-m+fp/hard\libgcc.a(_dvmd_tls.o)
                0x08000f34                __aeabi_idiv0
                0x08000f34                __aeabi_ldiv0
 *(.text*)
 .text.MX_BlueNRG_MS_Init
                0x08000f38      0x158 ./BlueNRG_MS/App/app_bluenrg_ms.o
                0x08000f38                MX_BlueNRG_MS_Init
 .text.MX_BlueNRG_MS_Process
                0x08001090       0x10 ./BlueNRG_MS/App/app_bluenrg_ms.o
                0x08001090                MX_BlueNRG_MS_Process
 .text.User_Init
                0x080010a0       0x1c ./BlueNRG_MS/App/app_bluenrg_ms.o
 .text.User_Process
                0x080010bc       0x28 ./BlueNRG_MS/App/app_bluenrg_ms.o
 .text.BSP_PB_Callback
                0x080010e4       0x20 ./BlueNRG_MS/App/app_bluenrg_ms.o
                0x080010e4                BSP_PB_Callback
 .text.Add_HWServW2ST_Service
                0x08001104      0x2ac ./BlueNRG_MS/App/gatt_db.o
                0x08001104                Add_HWServW2ST_Service
 .text.Add_SWServW2ST_Service
                0x080013b0      0x120 ./BlueNRG_MS/App/gatt_db.o
                0x080013b0                Add_SWServW2ST_Service
 .text.Acc_Update
                0x080014d0       0x4c ./BlueNRG_MS/App/gatt_db.o
                0x080014d0                Acc_Update
 .text.Remind_Update
                0x0800151c       0x4c ./BlueNRG_MS/App/gatt_db.o
                0x0800151c                Remind_Update
 .text.Read_Request_CB
                0x08001568      0x178 ./BlueNRG_MS/App/gatt_db.o
                0x08001568                Read_Request_CB
 .text.Write_Request_CB
                0x080016e0       0x50 ./BlueNRG_MS/App/gatt_db.o
                0x080016e0                Write_Request_CB
 .text.BlueMS_Environmental_Update
                0x08001730       0x8c ./BlueNRG_MS/App/gatt_db.o
                0x08001730                BlueMS_Environmental_Update
 .text.Set_DeviceConnectable
                0x080017bc       0xe8 ./BlueNRG_MS/App/sensor.o
                0x080017bc                Set_DeviceConnectable
 .text.user_notify
                0x080018a4       0xbe ./BlueNRG_MS/App/sensor.o
                0x080018a4                user_notify
 *fill*         0x08001962        0x2 
 .text.GAP_DisconnectionComplete_CB
                0x08001964       0x2c ./BlueNRG_MS/App/sensor.o
                0x08001964                GAP_DisconnectionComplete_CB
 .text.GAP_ConnectionComplete_CB
                0x08001990       0x40 ./BlueNRG_MS/App/sensor.o
                0x08001990                GAP_ConnectionComplete_CB
 .text.HCI_TL_SPI_Init
                0x080019d0       0x94 ./BlueNRG_MS/Target/hci_tl_interface.o
                0x080019d0                HCI_TL_SPI_Init
 .text.HCI_TL_SPI_DeInit
                0x08001a64       0x30 ./BlueNRG_MS/Target/hci_tl_interface.o
                0x08001a64                HCI_TL_SPI_DeInit
 .text.HCI_TL_SPI_Reset
                0x08001a94       0x44 ./BlueNRG_MS/Target/hci_tl_interface.o
                0x08001a94                HCI_TL_SPI_Reset
 .text.HCI_TL_SPI_Receive
                0x08001ad8       0xb8 ./BlueNRG_MS/Target/hci_tl_interface.o
                0x08001ad8                HCI_TL_SPI_Receive
 .text.HCI_TL_SPI_Send
                0x08001b90       0xac ./BlueNRG_MS/Target/hci_tl_interface.o
                0x08001b90                HCI_TL_SPI_Send
 .text.IsDataAvailable
                0x08001c3c       0x20 ./BlueNRG_MS/Target/hci_tl_interface.o
 .text.hci_tl_lowlevel_init
                0x08001c5c       0x74 ./BlueNRG_MS/Target/hci_tl_interface.o
                0x08001c5c                hci_tl_lowlevel_init
 .text.hci_tl_lowlevel_isr
                0x08001cd0       0x22 ./BlueNRG_MS/Target/hci_tl_interface.o
                0x08001cd0                hci_tl_lowlevel_isr
 *fill*         0x08001cf2        0x2 
 .text.main     0x08001cf4       0xd8 ./Core/Src/main.o
                0x08001cf4                main
 .text.SystemClock_Config
                0x08001dcc       0xc4 ./Core/Src/main.o
                0x08001dcc                SystemClock_Config
 .text.MX_DFSDM1_Init
                0x08001e90       0x70 ./Core/Src/main.o
 .text.MX_I2C2_Init
                0x08001f00       0x7c ./Core/Src/main.o
 .text.MX_QUADSPI_Init
                0x08001f7c       0x4c ./Core/Src/main.o
 .text.MX_USART3_UART_Init
                0x08001fc8       0x60 ./Core/Src/main.o
 .text.MX_USB_OTG_FS_PCD_Init
                0x08002028       0x5c ./Core/Src/main.o
 .text.MX_GPIO_Init
                0x08002084      0x344 ./Core/Src/main.o
 .text.StartTaskDataTrans
                0x080023c8       0x3c ./Core/Src/main.o
                0x080023c8                StartTaskDataTrans
 .text.StartTaskBLE
                0x08002404       0x16 ./Core/Src/main.o
                0x08002404                StartTaskBLE
 *fill*         0x0800241a        0x2 
 .text.StartTaskRemind
                0x0800241c       0x38 ./Core/Src/main.o
                0x0800241c                StartTaskRemind
 .text.StartTaskGyro
                0x08002454       0xbc ./Core/Src/main.o
                0x08002454                StartTaskGyro
 .text.Error_Handler
                0x08002510        0xc ./Core/Src/main.o
                0x08002510                Error_Handler
 .text.HAL_MspInit
                0x0800251c       0x50 ./Core/Src/stm32l4xx_hal_msp.o
                0x0800251c                HAL_MspInit
 .text.HAL_DFSDM_ChannelMspInit
                0x0800256c       0xc8 ./Core/Src/stm32l4xx_hal_msp.o
                0x0800256c                HAL_DFSDM_ChannelMspInit
 .text.HAL_I2C_MspInit
                0x08002634       0xbc ./Core/Src/stm32l4xx_hal_msp.o
                0x08002634                HAL_I2C_MspInit
 .text.HAL_I2C_MspDeInit
                0x080026f0       0x48 ./Core/Src/stm32l4xx_hal_msp.o
                0x080026f0                HAL_I2C_MspDeInit
 .text.HAL_QSPI_MspInit
                0x08002738       0x88 ./Core/Src/stm32l4xx_hal_msp.o
                0x08002738                HAL_QSPI_MspInit
 .text.HAL_UART_MspInit
                0x080027c0       0xbc ./Core/Src/stm32l4xx_hal_msp.o
                0x080027c0                HAL_UART_MspInit
 .text.HAL_PCD_MspInit
                0x0800287c      0x138 ./Core/Src/stm32l4xx_hal_msp.o
                0x0800287c                HAL_PCD_MspInit
 .text.NMI_Handler
                0x080029b4        0x8 ./Core/Src/stm32l4xx_it.o
                0x080029b4                NMI_Handler
 .text.HardFault_Handler
                0x080029bc        0x8 ./Core/Src/stm32l4xx_it.o
                0x080029bc                HardFault_Handler
 .text.MemManage_Handler
                0x080029c4        0x8 ./Core/Src/stm32l4xx_it.o
                0x080029c4                MemManage_Handler
 .text.BusFault_Handler
                0x080029cc        0x8 ./Core/Src/stm32l4xx_it.o
                0x080029cc                BusFault_Handler
 .text.UsageFault_Handler
                0x080029d4        0x8 ./Core/Src/stm32l4xx_it.o
                0x080029d4                UsageFault_Handler
 .text.DebugMon_Handler
                0x080029dc        0xe ./Core/Src/stm32l4xx_it.o
                0x080029dc                DebugMon_Handler
 .text.SysTick_Handler
                0x080029ea       0x1a ./Core/Src/stm32l4xx_it.o
                0x080029ea                SysTick_Handler
 .text.EXTI9_5_IRQHandler
                0x08002a04       0x28 ./Core/Src/stm32l4xx_it.o
                0x08002a04                EXTI9_5_IRQHandler
 .text.EXTI15_10_IRQHandler
                0x08002a2c       0x34 ./Core/Src/stm32l4xx_it.o
                0x08002a2c                EXTI15_10_IRQHandler
 .text._getpid  0x08002a60       0x10 ./Core/Src/syscalls.o
                0x08002a60                _getpid
 .text._kill    0x08002a70       0x20 ./Core/Src/syscalls.o
                0x08002a70                _kill
 .text._exit    0x08002a90       0x16 ./Core/Src/syscalls.o
                0x08002a90                _exit
 .text._read    0x08002aa6       0x3a ./Core/Src/syscalls.o
                0x08002aa6                _read
 .text._write   0x08002ae0       0x38 ./Core/Src/syscalls.o
                0x08002ae0                _write
 .text._close   0x08002b18       0x18 ./Core/Src/syscalls.o
                0x08002b18                _close
 .text._fstat   0x08002b30       0x20 ./Core/Src/syscalls.o
                0x08002b30                _fstat
 .text._isatty  0x08002b50       0x16 ./Core/Src/syscalls.o
                0x08002b50                _isatty
 .text._lseek   0x08002b66       0x1a ./Core/Src/syscalls.o
                0x08002b66                _lseek
 .text._sbrk    0x08002b80       0x6c ./Core/Src/sysmem.o
                0x08002b80                _sbrk
 .text.SystemInit
                0x08002bec       0x24 ./Core/Src/system_stm32l4xx.o
                0x08002bec                SystemInit
 .text.Reset_Handler
                0x08002c10       0x50 ./Core/Startup/startup_stm32l475vgtx.o
                0x08002c10                Reset_Handler
 .text.Default_Handler
                0x08002c60        0x2 ./Core/Startup/startup_stm32l475vgtx.o
                0x08002c60                RTC_Alarm_IRQHandler
                0x08002c60                EXTI2_IRQHandler
                0x08002c60                TIM8_TRG_COM_IRQHandler
                0x08002c60                TIM8_CC_IRQHandler
                0x08002c60                TIM1_CC_IRQHandler
                0x08002c60                TSC_IRQHandler
                0x08002c60                TAMP_STAMP_IRQHandler
                0x08002c60                EXTI3_IRQHandler
                0x08002c60                LPTIM2_IRQHandler
                0x08002c60                DFSDM1_FLT1_IRQHandler
                0x08002c60                I2C3_ER_IRQHandler
                0x08002c60                DFSDM1_FLT2_IRQHandler
                0x08002c60                EXTI0_IRQHandler
                0x08002c60                I2C2_EV_IRQHandler
                0x08002c60                CAN1_RX0_IRQHandler
                0x08002c60                FPU_IRQHandler
                0x08002c60                TIM1_UP_TIM16_IRQHandler
                0x08002c60                ADC1_2_IRQHandler
                0x08002c60                SPI1_IRQHandler
                0x08002c60                TIM6_DAC_IRQHandler
                0x08002c60                TIM8_UP_IRQHandler
                0x08002c60                DMA2_Channel2_IRQHandler
                0x08002c60                DMA1_Channel4_IRQHandler
                0x08002c60                SAI2_IRQHandler
                0x08002c60                DFSDM1_FLT3_IRQHandler
                0x08002c60                USART3_IRQHandler
                0x08002c60                DMA1_Channel7_IRQHandler
                0x08002c60                CAN1_RX1_IRQHandler
                0x08002c60                UART5_IRQHandler
                0x08002c60                ADC3_IRQHandler
                0x08002c60                TIM4_IRQHandler
                0x08002c60                DMA2_Channel1_IRQHandler
                0x08002c60                QUADSPI_IRQHandler
                0x08002c60                I2C1_EV_IRQHandler
                0x08002c60                DMA1_Channel6_IRQHandler
                0x08002c60                UART4_IRQHandler
                0x08002c60                DMA2_Channel4_IRQHandler
                0x08002c60                TIM3_IRQHandler
                0x08002c60                RCC_IRQHandler
                0x08002c60                DMA1_Channel1_IRQHandler
                0x08002c60                Default_Handler
                0x08002c60                DMA2_Channel7_IRQHandler
                0x08002c60                TIM7_IRQHandler
                0x08002c60                SDMMC1_IRQHandler
                0x08002c60                TIM5_IRQHandler
                0x08002c60                I2C3_EV_IRQHandler
                0x08002c60                RTC_WKUP_IRQHandler
                0x08002c60                PVD_PVM_IRQHandler
                0x08002c60                SPI2_IRQHandler
                0x08002c60                CAN1_TX_IRQHandler
                0x08002c60                DMA2_Channel5_IRQHandler
                0x08002c60                DMA1_Channel5_IRQHandler
                0x08002c60                EXTI4_IRQHandler
                0x08002c60                RNG_IRQHandler
                0x08002c60                TIM1_TRG_COM_TIM17_IRQHandler
                0x08002c60                DMA1_Channel3_IRQHandler
                0x08002c60                COMP_IRQHandler
                0x08002c60                WWDG_IRQHandler
                0x08002c60                LPUART1_IRQHandler
                0x08002c60                DMA2_Channel6_IRQHandler
                0x08002c60                TIM2_IRQHandler
                0x08002c60                EXTI1_IRQHandler
                0x08002c60                USART2_IRQHandler
                0x08002c60                DFSDM1_FLT0_IRQHandler
                0x08002c60                I2C2_ER_IRQHandler
                0x08002c60                DMA1_Channel2_IRQHandler
                0x08002c60                TIM8_BRK_IRQHandler
                0x08002c60                CAN1_SCE_IRQHandler
                0x08002c60                FLASH_IRQHandler
                0x08002c60                USART1_IRQHandler
                0x08002c60                OTG_FS_IRQHandler
                0x08002c60                SPI3_IRQHandler
                0x08002c60                I2C1_ER_IRQHandler
                0x08002c60                FMC_IRQHandler
                0x08002c60                SWPMI1_IRQHandler
                0x08002c60                LPTIM1_IRQHandler
                0x08002c60                SAI1_IRQHandler
                0x08002c60                DMA2_Channel3_IRQHandler
                0x08002c60                TIM1_BRK_TIM15_IRQHandler
 *fill*         0x08002c62        0x2 
 .text.BSP_LED_Init
                0x08002c64       0x24 ./Drivers/BSP/B-L475E-IOT01A1/b_l475e_iot01a1.o
                0x08002c64                BSP_LED_Init
 .text.BSP_LED_Toggle
                0x08002c88       0x2c ./Drivers/BSP/B-L475E-IOT01A1/b_l475e_iot01a1.o
                0x08002c88                BSP_LED_Toggle
 .text.LED_USER_GPIO_Init
                0x08002cb4       0x80 ./Drivers/BSP/B-L475E-IOT01A1/b_l475e_iot01a1.o
 .text.BSP_PB_Init
                0x08002d34       0xa8 ./Drivers/BSP/B-L475E-IOT01A1/b_l475e_iot01a1.o
                0x08002d34                BSP_PB_Init
 .text.BSP_PB_GetState
                0x08002ddc       0x38 ./Drivers/BSP/B-L475E-IOT01A1/b_l475e_iot01a1.o
                0x08002ddc                BSP_PB_GetState
 .text.BUTTON_USER_EXTI_Callback
                0x08002e14        0xe ./Drivers/BSP/B-L475E-IOT01A1/b_l475e_iot01a1.o
 *fill*         0x08002e22        0x2 
 .text.BUTTON_USER_GPIO_Init
                0x08002e24       0x74 ./Drivers/BSP/B-L475E-IOT01A1/b_l475e_iot01a1.o
 .text.BSP_COM_Init
                0x08002e98       0x7c ./Drivers/BSP/B-L475E-IOT01A1/b_l475e_iot01a1.o
                0x08002e98                BSP_COM_Init
 .text.I2Cx_MspInit
                0x08002f14       0xb0 ./Drivers/BSP/B-L475E-IOT01A1/b_l475e_iot01a1.o
 .text.I2Cx_Init
                0x08002fc4       0x5c ./Drivers/BSP/B-L475E-IOT01A1/b_l475e_iot01a1.o
 .text.I2Cx_ReadMultiple
                0x08003020       0x5a ./Drivers/BSP/B-L475E-IOT01A1/b_l475e_iot01a1.o
 .text.I2Cx_WriteMultiple
                0x0800307a       0x5a ./Drivers/BSP/B-L475E-IOT01A1/b_l475e_iot01a1.o
 .text.I2Cx_Error
                0x080030d4       0x20 ./Drivers/BSP/B-L475E-IOT01A1/b_l475e_iot01a1.o
 .text.SENSOR_IO_Init
                0x080030f4       0x14 ./Drivers/BSP/B-L475E-IOT01A1/b_l475e_iot01a1.o
                0x080030f4                SENSOR_IO_Init
 .text.SENSOR_IO_Write
                0x08003108       0x34 ./Drivers/BSP/B-L475E-IOT01A1/b_l475e_iot01a1.o
                0x08003108                SENSOR_IO_Write
 .text.SENSOR_IO_Read
                0x0800313c       0x3c ./Drivers/BSP/B-L475E-IOT01A1/b_l475e_iot01a1.o
                0x0800313c                SENSOR_IO_Read
 .text.SENSOR_IO_ReadMultiple
                0x08003178       0x3c ./Drivers/BSP/B-L475E-IOT01A1/b_l475e_iot01a1.o
                0x08003178                SENSOR_IO_ReadMultiple
 .text.MX_USART1_UART_Init
                0x080031b4       0x68 ./Drivers/BSP/B-L475E-IOT01A1/b_l475e_iot01a1.o
                0x080031b4                MX_USART1_UART_Init
 .text.__io_putchar
                0x0800321c       0x38 ./Drivers/BSP/B-L475E-IOT01A1/b_l475e_iot01a1.o
                0x0800321c                __io_putchar
 .text.USART1_MspInit
                0x08003254       0xbc ./Drivers/BSP/B-L475E-IOT01A1/b_l475e_iot01a1.o
 .text.BSP_SPI3_Init
                0x08003310       0x60 ./Drivers/BSP/B-L475E-IOT01A1/b_l475e_iot01a1_bus.o
                0x08003310                BSP_SPI3_Init
 .text.BSP_SPI3_SendRecv
                0x08003370       0x40 ./Drivers/BSP/B-L475E-IOT01A1/b_l475e_iot01a1_bus.o
                0x08003370                BSP_SPI3_SendRecv
 .text.BSP_GetTick
                0x080033b0        0xe ./Drivers/BSP/B-L475E-IOT01A1/b_l475e_iot01a1_bus.o
                0x080033b0                BSP_GetTick
 *fill*         0x080033be        0x2 
 .text.MX_SPI3_Init
                0x080033c0       0x84 ./Drivers/BSP/B-L475E-IOT01A1/b_l475e_iot01a1_bus.o
                0x080033c0                MX_SPI3_Init
 .text.SPI3_MspInit
                0x08003444       0xb0 ./Drivers/BSP/B-L475E-IOT01A1/b_l475e_iot01a1_bus.o
 .text.BSP_GYRO_Init
                0x080034f4       0x84 ./Drivers/BSP/B-L475E-IOT01A1/stm32l475e_iot01_gyro.o
                0x080034f4                BSP_GYRO_Init
 .text.BSP_GYRO_GetXYZ
                0x08003578       0x30 ./Drivers/BSP/B-L475E-IOT01A1/stm32l475e_iot01_gyro.o
                0x08003578                BSP_GYRO_GetXYZ
 .text.LSM6DSL_GyroInit
                0x080035a8       0x72 ./Drivers/BSP/Components/lsm6dsl/lsm6dsl.o
                0x080035a8                LSM6DSL_GyroInit
 .text.LSM6DSL_GyroDeInit
                0x0800361a       0x32 ./Drivers/BSP/Components/lsm6dsl/lsm6dsl.o
                0x0800361a                LSM6DSL_GyroDeInit
 .text.LSM6DSL_GyroReadID
                0x0800364c       0x16 ./Drivers/BSP/Components/lsm6dsl/lsm6dsl.o
                0x0800364c                LSM6DSL_GyroReadID
 .text.LSM6DSL_GyroLowPower
                0x08003662       0x44 ./Drivers/BSP/Components/lsm6dsl/lsm6dsl.o
                0x08003662                LSM6DSL_GyroLowPower
 *fill*         0x080036a6        0x2 
 .text.LSM6DSL_GyroReadXYZAngRate
                0x080036a8      0x124 ./Drivers/BSP/Components/lsm6dsl/lsm6dsl.o
                0x080036a8                LSM6DSL_GyroReadXYZAngRate
 .text.HAL_Init
                0x080037cc       0x30 ./Drivers/STM32L4xx_HAL_Driver/Src/stm32l4xx_hal.o
                0x080037cc                HAL_Init
 .text.HAL_InitTick
                0x080037fc       0x78 ./Drivers/STM32L4xx_HAL_Driver/Src/stm32l4xx_hal.o
                0x080037fc                HAL_InitTick
 .text.HAL_IncTick
                0x08003874       0x28 ./Drivers/STM32L4xx_HAL_Driver/Src/stm32l4xx_hal.o
                0x08003874                HAL_IncTick
 .text.HAL_GetTick
                0x0800389c       0x18 ./Drivers/STM32L4xx_HAL_Driver/Src/stm32l4xx_hal.o
                0x0800389c                HAL_GetTick
 .text.HAL_Delay
                0x080038b4       0x48 ./Drivers/STM32L4xx_HAL_Driver/Src/stm32l4xx_hal.o
                0x080038b4                HAL_Delay
 .text.__NVIC_SetPriorityGrouping
                0x080038fc       0x48 ./Drivers/STM32L4xx_HAL_Driver/Src/stm32l4xx_hal_cortex.o
 .text.__NVIC_GetPriorityGrouping
                0x08003944       0x1c ./Drivers/STM32L4xx_HAL_Driver/Src/stm32l4xx_hal_cortex.o
 .text.__NVIC_EnableIRQ
                0x08003960       0x3c ./Drivers/STM32L4xx_HAL_Driver/Src/stm32l4xx_hal_cortex.o
 .text.__NVIC_SetPriority
                0x0800399c       0x54 ./Drivers/STM32L4xx_HAL_Driver/Src/stm32l4xx_hal_cortex.o
 .text.NVIC_EncodePriority
                0x080039f0       0x66 ./Drivers/STM32L4xx_HAL_Driver/Src/stm32l4xx_hal_cortex.o
 *fill*         0x08003a56        0x2 
 .text.SysTick_Config
                0x08003a58       0x44 ./Drivers/STM32L4xx_HAL_Driver/Src/stm32l4xx_hal_cortex.o
 .text.HAL_NVIC_SetPriorityGrouping
                0x08003a9c       0x16 ./Drivers/STM32L4xx_HAL_Driver/Src/stm32l4xx_hal_cortex.o
                0x08003a9c                HAL_NVIC_SetPriorityGrouping
 .text.HAL_NVIC_SetPriority
                0x08003ab2       0x38 ./Drivers/STM32L4xx_HAL_Driver/Src/stm32l4xx_hal_cortex.o
                0x08003ab2                HAL_NVIC_SetPriority
 .text.HAL_NVIC_EnableIRQ
                0x08003aea       0x1c ./Drivers/STM32L4xx_HAL_Driver/Src/stm32l4xx_hal_cortex.o
                0x08003aea                HAL_NVIC_EnableIRQ
 .text.HAL_SYSTICK_Config
                0x08003b06       0x18 ./Drivers/STM32L4xx_HAL_Driver/Src/stm32l4xx_hal_cortex.o
                0x08003b06                HAL_SYSTICK_Config
 *fill*         0x08003b1e        0x2 
 .text.HAL_DFSDM_ChannelInit
                0x08003b20      0x180 ./Drivers/STM32L4xx_HAL_Driver/Src/stm32l4xx_hal_dfsdm.o
                0x08003b20                HAL_DFSDM_ChannelInit
 .text.DFSDM_GetChannelFromInstance
                0x08003ca0       0x98 ./Drivers/STM32L4xx_HAL_Driver/Src/stm32l4xx_hal_dfsdm.o
 .text.HAL_EXTI_RegisterCallback
                0x08003d38       0x34 ./Drivers/STM32L4xx_HAL_Driver/Src/stm32l4xx_hal_exti.o
                0x08003d38                HAL_EXTI_RegisterCallback
 .text.HAL_EXTI_GetHandle
                0x08003d6c       0x28 ./Drivers/STM32L4xx_HAL_Driver/Src/stm32l4xx_hal_exti.o
                0x08003d6c                HAL_EXTI_GetHandle
 .text.HAL_EXTI_IRQHandler
                0x08003d94       0x60 ./Drivers/STM32L4xx_HAL_Driver/Src/stm32l4xx_hal_exti.o
                0x08003d94                HAL_EXTI_IRQHandler
 .text.HAL_GPIO_Init
                0x08003df4      0x354 ./Drivers/STM32L4xx_HAL_Driver/Src/stm32l4xx_hal_gpio.o
                0x08003df4                HAL_GPIO_Init
 .text.HAL_GPIO_DeInit
                0x08004148      0x1e8 ./Drivers/STM32L4xx_HAL_Driver/Src/stm32l4xx_hal_gpio.o
                0x08004148                HAL_GPIO_DeInit
 .text.HAL_GPIO_ReadPin
                0x08004330       0x30 ./Drivers/STM32L4xx_HAL_Driver/Src/stm32l4xx_hal_gpio.o
                0x08004330                HAL_GPIO_ReadPin
 .text.HAL_GPIO_WritePin
                0x08004360       0x30 ./Drivers/STM32L4xx_HAL_Driver/Src/stm32l4xx_hal_gpio.o
                0x08004360                HAL_GPIO_WritePin
 .text.HAL_GPIO_TogglePin
                0x08004390       0x34 ./Drivers/STM32L4xx_HAL_Driver/Src/stm32l4xx_hal_gpio.o
                0x08004390                HAL_GPIO_TogglePin
 .text.HAL_GPIO_EXTI_IRQHandler
                0x080043c4       0x30 ./Drivers/STM32L4xx_HAL_Driver/Src/stm32l4xx_hal_gpio.o
                0x080043c4                HAL_GPIO_EXTI_IRQHandler
 .text.HAL_GPIO_EXTI_Callback
                0x080043f4       0x16 ./Drivers/STM32L4xx_HAL_Driver/Src/stm32l4xx_hal_gpio.o
                0x080043f4                HAL_GPIO_EXTI_Callback
 .text.HAL_I2C_Init
                0x0800440a      0x136 ./Drivers/STM32L4xx_HAL_Driver/Src/stm32l4xx_hal_i2c.o
                0x0800440a                HAL_I2C_Init
 .text.HAL_I2C_DeInit
                0x08004540       0x5e ./Drivers/STM32L4xx_HAL_Driver/Src/stm32l4xx_hal_i2c.o
                0x08004540                HAL_I2C_DeInit
 *fill*         0x0800459e        0x2 
 .text.HAL_I2C_Mem_Write
                0x080045a0      0x228 ./Drivers/STM32L4xx_HAL_Driver/Src/stm32l4xx_hal_i2c.o
                0x080045a0                HAL_I2C_Mem_Write
 .text.HAL_I2C_Mem_Read
                0x080047c8      0x234 ./Drivers/STM32L4xx_HAL_Driver/Src/stm32l4xx_hal_i2c.o
                0x080047c8                HAL_I2C_Mem_Read
 .text.I2C_RequestMemoryWrite
                0x080049fc       0xa8 ./Drivers/STM32L4xx_HAL_Driver/Src/stm32l4xx_hal_i2c.o
 .text.I2C_RequestMemoryRead
                0x08004aa4       0xa8 ./Drivers/STM32L4xx_HAL_Driver/Src/stm32l4xx_hal_i2c.o
 .text.I2C_Flush_TXDR
                0x08004b4c       0x48 ./Drivers/STM32L4xx_HAL_Driver/Src/stm32l4xx_hal_i2c.o
 .text.I2C_WaitOnFlagUntilTimeout
                0x08004b94       0xb2 ./Drivers/STM32L4xx_HAL_Driver/Src/stm32l4xx_hal_i2c.o
 .text.I2C_WaitOnTXISFlagUntilTimeout
                0x08004c46       0x8e ./Drivers/STM32L4xx_HAL_Driver/Src/stm32l4xx_hal_i2c.o
 .text.I2C_WaitOnSTOPFlagUntilTimeout
                0x08004cd4       0x86 ./Drivers/STM32L4xx_HAL_Driver/Src/stm32l4xx_hal_i2c.o
 *fill*         0x08004d5a        0x2 
 .text.I2C_IsErrorOccurred
                0x08004d5c      0x1c0 ./Drivers/STM32L4xx_HAL_Driver/Src/stm32l4xx_hal_i2c.o
 .text.I2C_TransferConfig
                0x08004f1c       0x64 ./Drivers/STM32L4xx_HAL_Driver/Src/stm32l4xx_hal_i2c.o
 .text.HAL_I2CEx_ConfigAnalogFilter
                0x08004f80       0x96 ./Drivers/STM32L4xx_HAL_Driver/Src/stm32l4xx_hal_i2c_ex.o
                0x08004f80                HAL_I2CEx_ConfigAnalogFilter
 .text.HAL_I2CEx_ConfigDigitalFilter
                0x08005016       0x98 ./Drivers/STM32L4xx_HAL_Driver/Src/stm32l4xx_hal_i2c_ex.o
                0x08005016                HAL_I2CEx_ConfigDigitalFilter
 .text.HAL_PCD_Init
                0x080050ae      0x21e ./Drivers/STM32L4xx_HAL_Driver/Src/stm32l4xx_hal_pcd.o
                0x080050ae                HAL_PCD_Init
 .text.HAL_PCDEx_ActivateLPM
                0x080052cc       0x48 ./Drivers/STM32L4xx_HAL_Driver/Src/stm32l4xx_hal_pcd_ex.o
                0x080052cc                HAL_PCDEx_ActivateLPM
 .text.HAL_PWR_EnableBkUpAccess
                0x08005314       0x20 ./Drivers/STM32L4xx_HAL_Driver/Src/stm32l4xx_hal_pwr.o
                0x08005314                HAL_PWR_EnableBkUpAccess
 .text.HAL_PWREx_GetVoltageRange
                0x08005334       0x1c ./Drivers/STM32L4xx_HAL_Driver/Src/stm32l4xx_hal_pwr_ex.o
                0x08005334                HAL_PWREx_GetVoltageRange
 .text.HAL_PWREx_ControlVoltageScaling
                0x08005350       0xac ./Drivers/STM32L4xx_HAL_Driver/Src/stm32l4xx_hal_pwr_ex.o
                0x08005350                HAL_PWREx_ControlVoltageScaling
 .text.HAL_PWREx_EnableVddUSB
                0x080053fc       0x20 ./Drivers/STM32L4xx_HAL_Driver/Src/stm32l4xx_hal_pwr_ex.o
                0x080053fc                HAL_PWREx_EnableVddUSB
 .text.HAL_QSPI_Init
                0x0800541c       0xec ./Drivers/STM32L4xx_HAL_Driver/Src/stm32l4xx_hal_qspi.o
                0x0800541c                HAL_QSPI_Init
 .text.HAL_QSPI_SetTimeout
                0x08005508       0x1c ./Drivers/STM32L4xx_HAL_Driver/Src/stm32l4xx_hal_qspi.o
                0x08005508                HAL_QSPI_SetTimeout
 .text.QSPI_WaitFlagStateUntilTimeout
                0x08005524       0x6e ./Drivers/STM32L4xx_HAL_Driver/Src/stm32l4xx_hal_qspi.o
 *fill*         0x08005592        0x2 
 .text.HAL_RCC_OscConfig
                0x08005594      0x7b8 ./Drivers/STM32L4xx_HAL_Driver/Src/stm32l4xx_hal_rcc.o
                0x08005594                HAL_RCC_OscConfig
 .text.HAL_RCC_ClockConfig
                0x08005d4c      0x200 ./Drivers/STM32L4xx_HAL_Driver/Src/stm32l4xx_hal_rcc.o
                0x08005d4c                HAL_RCC_ClockConfig
 .text.HAL_RCC_GetSysClockFreq
                0x08005f4c      0x118 ./Drivers/STM32L4xx_HAL_Driver/Src/stm32l4xx_hal_rcc.o
                0x08005f4c                HAL_RCC_GetSysClockFreq
 .text.HAL_RCC_GetHCLKFreq
                0x08006064       0x18 ./Drivers/STM32L4xx_HAL_Driver/Src/stm32l4xx_hal_rcc.o
                0x08006064                HAL_RCC_GetHCLKFreq
 .text.HAL_RCC_GetPCLK1Freq
                0x0800607c       0x2c ./Drivers/STM32L4xx_HAL_Driver/Src/stm32l4xx_hal_rcc.o
                0x0800607c                HAL_RCC_GetPCLK1Freq
 .text.HAL_RCC_GetPCLK2Freq
                0x080060a8       0x2c ./Drivers/STM32L4xx_HAL_Driver/Src/stm32l4xx_hal_rcc.o
                0x080060a8                HAL_RCC_GetPCLK2Freq
 .text.RCC_SetFlashLatencyFromMSIRange
                0x080060d4       0xc0 ./Drivers/STM32L4xx_HAL_Driver/Src/stm32l4xx_hal_rcc.o
 .text.HAL_RCCEx_PeriphCLKConfig
                0x08006194      0x5d4 ./Drivers/STM32L4xx_HAL_Driver/Src/stm32l4xx_hal_rcc_ex.o
                0x08006194                HAL_RCCEx_PeriphCLKConfig
 .text.HAL_RCCEx_EnableMSIPLLMode
                0x08006768       0x20 ./Drivers/STM32L4xx_HAL_Driver/Src/stm32l4xx_hal_rcc_ex.o
                0x08006768                HAL_RCCEx_EnableMSIPLLMode
 .text.RCCEx_PLLSAI1_Config
                0x08006788      0x1e8 ./Drivers/STM32L4xx_HAL_Driver/Src/stm32l4xx_hal_rcc_ex.o
 .text.RCCEx_PLLSAI2_Config
                0x08006970      0x1bc ./Drivers/STM32L4xx_HAL_Driver/Src/stm32l4xx_hal_rcc_ex.o
 .text.HAL_SPI_Init
                0x08006b2c      0x146 ./Drivers/STM32L4xx_HAL_Driver/Src/stm32l4xx_hal_spi.o
                0x08006b2c                HAL_SPI_Init
 .text.HAL_SPI_MspInit
                0x08006c72       0x14 ./Drivers/STM32L4xx_HAL_Driver/Src/stm32l4xx_hal_spi.o
                0x08006c72                HAL_SPI_MspInit
 .text.HAL_SPI_TransmitReceive
                0x08006c86      0x43e ./Drivers/STM32L4xx_HAL_Driver/Src/stm32l4xx_hal_spi.o
                0x08006c86                HAL_SPI_TransmitReceive
 .text.HAL_SPI_GetState
                0x080070c4       0x1c ./Drivers/STM32L4xx_HAL_Driver/Src/stm32l4xx_hal_spi.o
                0x080070c4                HAL_SPI_GetState
 .text.SPI_WaitFlagStateUntilTimeout
                0x080070e0      0x110 ./Drivers/STM32L4xx_HAL_Driver/Src/stm32l4xx_hal_spi.o
 .text.SPI_WaitFifoStateUntilTimeout
                0x080071f0      0x12c ./Drivers/STM32L4xx_HAL_Driver/Src/stm32l4xx_hal_spi.o
 .text.SPI_EndRxTxTransaction
                0x0800731c       0x8c ./Drivers/STM32L4xx_HAL_Driver/Src/stm32l4xx_hal_spi.o
 .text.HAL_UART_Init
                0x080073a8       0x9c ./Drivers/STM32L4xx_HAL_Driver/Src/stm32l4xx_hal_uart.o
                0x080073a8                HAL_UART_Init
 .text.HAL_UART_Transmit
                0x08007444      0x112 ./Drivers/STM32L4xx_HAL_Driver/Src/stm32l4xx_hal_uart.o
                0x08007444                HAL_UART_Transmit
 *fill*         0x08007556        0x2 
 .text.UART_SetConfig
                0x08007558      0x570 ./Drivers/STM32L4xx_HAL_Driver/Src/stm32l4xx_hal_uart.o
                0x08007558                UART_SetConfig
 .text.UART_AdvFeatureConfig
                0x08007ac8      0x144 ./Drivers/STM32L4xx_HAL_Driver/Src/stm32l4xx_hal_uart.o
                0x08007ac8                UART_AdvFeatureConfig
 .text.UART_CheckIdleState
                0x08007c0c      0x150 ./Drivers/STM32L4xx_HAL_Driver/Src/stm32l4xx_hal_uart.o
                0x08007c0c                UART_CheckIdleState
 .text.UART_WaitOnFlagUntilTimeout
                0x08007d5c       0xda ./Drivers/STM32L4xx_HAL_Driver/Src/stm32l4xx_hal_uart.o
                0x08007d5c                UART_WaitOnFlagUntilTimeout
 .text.UART_EndRxTransfer
                0x08007e36       0xc8 ./Drivers/STM32L4xx_HAL_Driver/Src/stm32l4xx_hal_uart.o
 .text.USB_CoreInit
                0x08007efe       0x5a ./Drivers/STM32L4xx_HAL_Driver/Src/stm32l4xx_ll_usb.o
                0x08007efe                USB_CoreInit
 .text.USB_DisableGlobalInt
                0x08007f58       0x22 ./Drivers/STM32L4xx_HAL_Driver/Src/stm32l4xx_ll_usb.o
                0x08007f58                USB_DisableGlobalInt
 .text.USB_SetCurrentMode
                0x08007f7a       0x98 ./Drivers/STM32L4xx_HAL_Driver/Src/stm32l4xx_ll_usb.o
                0x08007f7a                USB_SetCurrentMode
 *fill*         0x08008012        0x2 
 .text.USB_DevInit
                0x08008014      0x290 ./Drivers/STM32L4xx_HAL_Driver/Src/stm32l4xx_ll_usb.o
                0x08008014                USB_DevInit
 .text.USB_FlushTxFifo
                0x080082a4       0x64 ./Drivers/STM32L4xx_HAL_Driver/Src/stm32l4xx_ll_usb.o
                0x080082a4                USB_FlushTxFifo
 .text.USB_FlushRxFifo
                0x08008308       0x5c ./Drivers/STM32L4xx_HAL_Driver/Src/stm32l4xx_ll_usb.o
                0x08008308                USB_FlushRxFifo
 .text.USB_SetDevSpeed
                0x08008364       0x32 ./Drivers/STM32L4xx_HAL_Driver/Src/stm32l4xx_ll_usb.o
                0x08008364                USB_SetDevSpeed
 .text.USB_DevDisconnect
                0x08008396       0x42 ./Drivers/STM32L4xx_HAL_Driver/Src/stm32l4xx_ll_usb.o
                0x08008396                USB_DevDisconnect
 .text.USB_GetMode
                0x080083d8       0x1c ./Drivers/STM32L4xx_HAL_Driver/Src/stm32l4xx_ll_usb.o
                0x080083d8                USB_GetMode
 .text.USB_CoreReset
                0x080083f4       0x62 ./Drivers/STM32L4xx_HAL_Driver/Src/stm32l4xx_ll_usb.o
 .text.aci_gap_init_IDB05A1
                0x08008456       0xa0 ./Middlewares/ST/BlueNRG-MS/hci/controller/bluenrg_gap_aci.o
                0x08008456                aci_gap_init_IDB05A1
 .text.aci_gap_init_IDB04A1
                0x080084f6       0x94 ./Middlewares/ST/BlueNRG-MS/hci/controller/bluenrg_gap_aci.o
                0x080084f6                aci_gap_init_IDB04A1
 .text.aci_gap_set_discoverable
                0x0800858a      0x1d4 ./Middlewares/ST/BlueNRG-MS/hci/controller/bluenrg_gap_aci.o
                0x0800858a                aci_gap_set_discoverable
 .text.aci_gap_set_auth_requirement
                0x0800875e       0xae ./Middlewares/ST/BlueNRG-MS/hci/controller/bluenrg_gap_aci.o
                0x0800875e                aci_gap_set_auth_requirement
 .text.aci_gap_update_adv_data
                0x0800880c       0xa2 ./Middlewares/ST/BlueNRG-MS/hci/controller/bluenrg_gap_aci.o
                0x0800880c                aci_gap_update_adv_data
 .text.aci_gatt_init
                0x080088ae       0x46 ./Middlewares/ST/BlueNRG-MS/hci/controller/bluenrg_gatt_aci.o
                0x080088ae                aci_gatt_init
 .text.aci_gatt_add_serv
                0x080088f4      0x112 ./Middlewares/ST/BlueNRG-MS/hci/controller/bluenrg_gatt_aci.o
                0x080088f4                aci_gatt_add_serv
 .text.aci_gatt_add_char
                0x08008a06      0x196 ./Middlewares/ST/BlueNRG-MS/hci/controller/bluenrg_gatt_aci.o
                0x08008a06                aci_gatt_add_char
 .text.aci_gatt_update_char_value
                0x08008b9c      0x120 ./Middlewares/ST/BlueNRG-MS/hci/controller/bluenrg_gatt_aci.o
                0x08008b9c                aci_gatt_update_char_value
 .text.aci_gatt_allow_read
                0x08008cbc       0x5a ./Middlewares/ST/BlueNRG-MS/hci/controller/bluenrg_gatt_aci.o
                0x08008cbc                aci_gatt_allow_read
 .text.aci_hal_read_config_data
                0x08008d16       0xaa ./Middlewares/ST/BlueNRG-MS/hci/controller/bluenrg_hal_aci.o
                0x08008d16                aci_hal_read_config_data
 .text.aci_hal_set_tx_power_level
                0x08008dc0       0x62 ./Middlewares/ST/BlueNRG-MS/hci/controller/bluenrg_hal_aci.o
                0x08008dc0                aci_hal_set_tx_power_level
 .text.getBlueNRGVersion
                0x08008e22       0x88 ./Middlewares/ST/BlueNRG-MS/hci/controller/bluenrg_utils_small.o
                0x08008e22                getBlueNRGVersion
 .text.hci_reset
                0x08008eaa       0x44 ./Middlewares/ST/BlueNRG-MS/hci/hci_le.o
                0x08008eaa                hci_reset
 .text.hci_le_read_local_version
                0x08008eee       0x94 ./Middlewares/ST/BlueNRG-MS/hci/hci_le.o
                0x08008eee                hci_le_read_local_version
 .text.hci_le_set_scan_resp_data
                0x08008f82       0x82 ./Middlewares/ST/BlueNRG-MS/hci/hci_le.o
                0x08008f82                hci_le_set_scan_resp_data
 .text.verify_packet
                0x08009004       0x40 ./Middlewares/ST/BlueNRG-MS/hci/hci_tl_patterns/Basic/hci_tl.o
 .text.send_cmd
                0x08009044       0x80 ./Middlewares/ST/BlueNRG-MS/hci/hci_tl_patterns/Basic/hci_tl.o
 .text.move_list
                0x080090c4       0x38 ./Middlewares/ST/BlueNRG-MS/hci/hci_tl_patterns/Basic/hci_tl.o
 .text.free_event_list
                0x080090fc       0x3c ./Middlewares/ST/BlueNRG-MS/hci/hci_tl_patterns/Basic/hci_tl.o
 .text.hci_init
                0x08009138       0x84 ./Middlewares/ST/BlueNRG-MS/hci/hci_tl_patterns/Basic/hci_tl.o
                0x08009138                hci_init
 .text.hci_register_io_bus
                0x080091bc       0x40 ./Middlewares/ST/BlueNRG-MS/hci/hci_tl_patterns/Basic/hci_tl.o
                0x080091bc                hci_register_io_bus
 .text.hci_send_req
                0x080091fc      0x230 ./Middlewares/ST/BlueNRG-MS/hci/hci_tl_patterns/Basic/hci_tl.o
                0x080091fc                hci_send_req
 .text.hci_user_evt_proc
                0x0800942c       0x58 ./Middlewares/ST/BlueNRG-MS/hci/hci_tl_patterns/Basic/hci_tl.o
                0x0800942c                hci_user_evt_proc
 .text.hci_notify_asynch_evt
                0x08009484       0x9c ./Middlewares/ST/BlueNRG-MS/hci/hci_tl_patterns/Basic/hci_tl.o
                0x08009484                hci_notify_asynch_evt
 .text.list_init_head
                0x08009520       0x20 ./Middlewares/ST/BlueNRG-MS/utils/ble_list.o
                0x08009520                list_init_head
 .text.list_is_empty
                0x08009540       0x44 ./Middlewares/ST/BlueNRG-MS/utils/ble_list.o
                0x08009540                list_is_empty
 .text.list_insert_head
                0x08009584       0x4c ./Middlewares/ST/BlueNRG-MS/utils/ble_list.o
                0x08009584                list_insert_head
 .text.list_insert_tail
                0x080095d0       0x4c ./Middlewares/ST/BlueNRG-MS/utils/ble_list.o
                0x080095d0                list_insert_tail
 .text.list_remove_node
                0x0800961c       0x42 ./Middlewares/ST/BlueNRG-MS/utils/ble_list.o
                0x0800961c                list_remove_node
 .text.list_remove_head
                0x0800965e       0x4e ./Middlewares/ST/BlueNRG-MS/utils/ble_list.o
                0x0800965e                list_remove_head
 .text.list_remove_tail
                0x080096ac       0x4e ./Middlewares/ST/BlueNRG-MS/utils/ble_list.o
                0x080096ac                list_remove_tail
 .text.list_get_size
                0x080096fa       0x50 ./Middlewares/ST/BlueNRG-MS/utils/ble_list.o
                0x080096fa                list_get_size
 *fill*         0x0800974a        0x2 
 .text.__NVIC_SetPriority
                0x0800974c       0x54 ./Middlewares/Third_Party/FreeRTOS/Source/CMSIS_RTOS_V2/cmsis_os2.o
 .text.SVC_Setup
                0x080097a0       0x12 ./Middlewares/Third_Party/FreeRTOS/Source/CMSIS_RTOS_V2/cmsis_os2.o
 *fill*         0x080097b2        0x2 
 .text.osKernelInitialize
                0x080097b4       0x48 ./Middlewares/Third_Party/FreeRTOS/Source/CMSIS_RTOS_V2/cmsis_os2.o
                0x080097b4                osKernelInitialize
 .text.osKernelStart
                0x080097fc       0x4c ./Middlewares/Third_Party/FreeRTOS/Source/CMSIS_RTOS_V2/cmsis_os2.o
                0x080097fc                osKernelStart
 .text.osThreadNew
                0x08009848      0x124 ./Middlewares/Third_Party/FreeRTOS/Source/CMSIS_RTOS_V2/cmsis_os2.o
                0x08009848                osThreadNew
 .text.osDelay  0x0800996c       0x36 ./Middlewares/Third_Party/FreeRTOS/Source/CMSIS_RTOS_V2/cmsis_os2.o
                0x0800996c                osDelay
 .text.osSemaphoreNew
                0x080099a2      0x112 ./Middlewares/Third_Party/FreeRTOS/Source/CMSIS_RTOS_V2/cmsis_os2.o
                0x080099a2                osSemaphoreNew
 .text.osSemaphoreAcquire
                0x08009ab4       0xa4 ./Middlewares/Third_Party/FreeRTOS/Source/CMSIS_RTOS_V2/cmsis_os2.o
                0x08009ab4                osSemaphoreAcquire
 .text.osSemaphoreRelease
                0x08009b58       0x88 ./Middlewares/Third_Party/FreeRTOS/Source/CMSIS_RTOS_V2/cmsis_os2.o
                0x08009b58                osSemaphoreRelease
 .text.vApplicationGetIdleTaskMemory
                0x08009be0       0x34 ./Middlewares/Third_Party/FreeRTOS/Source/CMSIS_RTOS_V2/cmsis_os2.o
                0x08009be0                vApplicationGetIdleTaskMemory
 .text.vApplicationGetTimerTaskMemory
                0x08009c14       0x34 ./Middlewares/Third_Party/FreeRTOS/Source/CMSIS_RTOS_V2/cmsis_os2.o
                0x08009c14                vApplicationGetTimerTaskMemory
 .text.vListInitialise
                0x08009c48       0x40 ./Middlewares/Third_Party/FreeRTOS/Source/list.o
                0x08009c48                vListInitialise
 .text.vListInitialiseItem
                0x08009c88       0x1a ./Middlewares/Third_Party/FreeRTOS/Source/list.o
                0x08009c88                vListInitialiseItem
 .text.vListInsertEnd
                0x08009ca2       0x48 ./Middlewares/Third_Party/FreeRTOS/Source/list.o
                0x08009ca2                vListInsertEnd
 .text.vListInsert
                0x08009cea       0x72 ./Middlewares/Third_Party/FreeRTOS/Source/list.o
                0x08009cea                vListInsert
 .text.uxListRemove
                0x08009d5c       0x54 ./Middlewares/Third_Party/FreeRTOS/Source/list.o
                0x08009d5c                uxListRemove
 .text.xQueueGenericReset
                0x08009db0       0xd4 ./Middlewares/Third_Party/FreeRTOS/Source/queue.o
                0x08009db0                xQueueGenericReset
 .text.xQueueGenericCreateStatic
                0x08009e84       0xfa ./Middlewares/Third_Party/FreeRTOS/Source/queue.o
                0x08009e84                xQueueGenericCreateStatic
 .text.xQueueGenericCreate
                0x08009f7e       0x76 ./Middlewares/Third_Party/FreeRTOS/Source/queue.o
                0x08009f7e                xQueueGenericCreate
 .text.prvInitialiseNewQueue
                0x08009ff4       0x46 ./Middlewares/Third_Party/FreeRTOS/Source/queue.o
 .text.xQueueCreateCountingSemaphoreStatic
                0x0800a03a       0x72 ./Middlewares/Third_Party/FreeRTOS/Source/queue.o
                0x0800a03a                xQueueCreateCountingSemaphoreStatic
 .text.xQueueCreateCountingSemaphore
                0x0800a0ac       0x6a ./Middlewares/Third_Party/FreeRTOS/Source/queue.o
                0x0800a0ac                xQueueCreateCountingSemaphore
 *fill*         0x0800a116        0x2 
 .text.xQueueGenericSend
                0x0800a118      0x204 ./Middlewares/Third_Party/FreeRTOS/Source/queue.o
                0x0800a118                xQueueGenericSend
 .text.xQueueGenericSendFromISR
                0x0800a31c      0x13c ./Middlewares/Third_Party/FreeRTOS/Source/queue.o
                0x0800a31c                xQueueGenericSendFromISR
 .text.xQueueGiveFromISR
                0x0800a458      0x120 ./Middlewares/Third_Party/FreeRTOS/Source/queue.o
                0x0800a458                xQueueGiveFromISR
 .text.xQueueReceive
                0x0800a578      0x1c4 ./Middlewares/Third_Party/FreeRTOS/Source/queue.o
                0x0800a578                xQueueReceive
 .text.xQueueSemaphoreTake
                0x0800a73c      0x220 ./Middlewares/Third_Party/FreeRTOS/Source/queue.o
                0x0800a73c                xQueueSemaphoreTake
 .text.xQueueReceiveFromISR
                0x0800a95c      0x104 ./Middlewares/Third_Party/FreeRTOS/Source/queue.o
                0x0800a95c                xQueueReceiveFromISR
 .text.vQueueDelete
                0x0800aa60       0x48 ./Middlewares/Third_Party/FreeRTOS/Source/queue.o
                0x0800aa60                vQueueDelete
 .text.prvGetDisinheritPriorityAfterTimeout
                0x0800aaa8       0x30 ./Middlewares/Third_Party/FreeRTOS/Source/queue.o
 .text.prvCopyDataToQueue
                0x0800aad8       0xd4 ./Middlewares/Third_Party/FreeRTOS/Source/queue.o
 .text.prvCopyDataFromQueue
                0x0800abac       0x4c ./Middlewares/Third_Party/FreeRTOS/Source/queue.o
 .text.prvUnlockQueue
                0x0800abf8       0xa4 ./Middlewares/Third_Party/FreeRTOS/Source/queue.o
 .text.prvIsQueueEmpty
                0x0800ac9c       0x2c ./Middlewares/Third_Party/FreeRTOS/Source/queue.o
 .text.prvIsQueueFull
                0x0800acc8       0x30 ./Middlewares/Third_Party/FreeRTOS/Source/queue.o
 .text.vQueueAddToRegistry
                0x0800acf8       0x54 ./Middlewares/Third_Party/FreeRTOS/Source/queue.o
                0x0800acf8                vQueueAddToRegistry
 .text.vQueueUnregisterQueue
                0x0800ad4c       0x54 ./Middlewares/Third_Party/FreeRTOS/Source/queue.o
                0x0800ad4c                vQueueUnregisterQueue
 .text.vQueueWaitForMessageRestricted
                0x0800ada0       0x68 ./Middlewares/Third_Party/FreeRTOS/Source/queue.o
                0x0800ada0                vQueueWaitForMessageRestricted
 .text.xTaskCreateStatic
                0x0800ae08       0xc0 ./Middlewares/Third_Party/FreeRTOS/Source/tasks.o
                0x0800ae08                xTaskCreateStatic
 .text.xTaskCreate
                0x0800aec8       0x8a ./Middlewares/Third_Party/FreeRTOS/Source/tasks.o
                0x0800aec8                xTaskCreate
 .text.prvInitialiseNewTask
                0x0800af52      0x120 ./Middlewares/Third_Party/FreeRTOS/Source/tasks.o
 *fill*         0x0800b072        0x2 
 .text.prvAddNewTaskToReadyList
                0x0800b074       0xe0 ./Middlewares/Third_Party/FreeRTOS/Source/tasks.o
 .text.vTaskDelay
                0x0800b154       0x6c ./Middlewares/Third_Party/FreeRTOS/Source/tasks.o
                0x0800b154                vTaskDelay
 .text.vTaskStartScheduler
                0x0800b1c0       0xd0 ./Middlewares/Third_Party/FreeRTOS/Source/tasks.o
                0x0800b1c0                vTaskStartScheduler
 .text.vTaskSuspendAll
                0x0800b290       0x1c ./Middlewares/Third_Party/FreeRTOS/Source/tasks.o
                0x0800b290                vTaskSuspendAll
 .text.xTaskResumeAll
                0x0800b2ac      0x13c ./Middlewares/Third_Party/FreeRTOS/Source/tasks.o
                0x0800b2ac                xTaskResumeAll
 .text.xTaskGetTickCount
                0x0800b3e8       0x20 ./Middlewares/Third_Party/FreeRTOS/Source/tasks.o
                0x0800b3e8                xTaskGetTickCount
 .text.xTaskIncrementTick
                0x0800b408      0x174 ./Middlewares/Third_Party/FreeRTOS/Source/tasks.o
                0x0800b408                xTaskIncrementTick
 .text.vTaskSwitchContext
                0x0800b57c       0xbc ./Middlewares/Third_Party/FreeRTOS/Source/tasks.o
                0x0800b57c                vTaskSwitchContext
 .text.vTaskPlaceOnEventList
                0x0800b638       0x4c ./Middlewares/Third_Party/FreeRTOS/Source/tasks.o
                0x0800b638                vTaskPlaceOnEventList
 .text.vTaskPlaceOnEventListRestricted
                0x0800b684       0x58 ./Middlewares/Third_Party/FreeRTOS/Source/tasks.o
                0x0800b684                vTaskPlaceOnEventListRestricted
 .text.xTaskRemoveFromEventList
                0x0800b6dc       0xc8 ./Middlewares/Third_Party/FreeRTOS/Source/tasks.o
                0x0800b6dc                xTaskRemoveFromEventList
 .text.vTaskInternalSetTimeOutState
                0x0800b7a4       0x2c ./Middlewares/Third_Party/FreeRTOS/Source/tasks.o
                0x0800b7a4                vTaskInternalSetTimeOutState
 .text.xTaskCheckForTimeOut
                0x0800b7d0       0xc8 ./Middlewares/Third_Party/FreeRTOS/Source/tasks.o
                0x0800b7d0                xTaskCheckForTimeOut
 .text.vTaskMissedYield
                0x0800b898       0x18 ./Middlewares/Third_Party/FreeRTOS/Source/tasks.o
                0x0800b898                vTaskMissedYield
 .text.prvIdleTask
                0x0800b8b0       0x30 ./Middlewares/Third_Party/FreeRTOS/Source/tasks.o
 .text.prvInitialiseTaskLists
                0x0800b8e0       0x80 ./Middlewares/Third_Party/FreeRTOS/Source/tasks.o
 .text.prvCheckTasksWaitingTermination
                0x0800b960       0x5c ./Middlewares/Third_Party/FreeRTOS/Source/tasks.o
 .text.prvDeleteTCB
                0x0800b9bc       0x60 ./Middlewares/Third_Party/FreeRTOS/Source/tasks.o
 .text.prvResetNextTaskUnblockTime
                0x0800ba1c       0x40 ./Middlewares/Third_Party/FreeRTOS/Source/tasks.o
 .text.xTaskGetSchedulerState
                0x0800ba5c       0x3c ./Middlewares/Third_Party/FreeRTOS/Source/tasks.o
                0x0800ba5c                xTaskGetSchedulerState
 .text.xTaskPriorityInherit
                0x0800ba98       0xd0 ./Middlewares/Third_Party/FreeRTOS/Source/tasks.o
                0x0800ba98                xTaskPriorityInherit
 .text.xTaskPriorityDisinherit
                0x0800bb68       0xe0 ./Middlewares/Third_Party/FreeRTOS/Source/tasks.o
                0x0800bb68                xTaskPriorityDisinherit
 .text.vTaskPriorityDisinheritAfterTimeout
                0x0800bc48      0x108 ./Middlewares/Third_Party/FreeRTOS/Source/tasks.o
                0x0800bc48                vTaskPriorityDisinheritAfterTimeout
 .text.pvTaskIncrementMutexHeldCount
                0x0800bd50       0x28 ./Middlewares/Third_Party/FreeRTOS/Source/tasks.o
                0x0800bd50                pvTaskIncrementMutexHeldCount
 .text.prvAddCurrentTaskToDelayedList
                0x0800bd78       0xa8 ./Middlewares/Third_Party/FreeRTOS/Source/tasks.o
 .text.xTimerCreateTimerTask
                0x0800be20       0x94 ./Middlewares/Third_Party/FreeRTOS/Source/timers.o
                0x0800be20                xTimerCreateTimerTask
 .text.xTimerGenericCommand
                0x0800beb4       0x9c ./Middlewares/Third_Party/FreeRTOS/Source/timers.o
                0x0800beb4                xTimerGenericCommand
 .text.prvProcessExpiredTimer
                0x0800bf50       0x9c ./Middlewares/Third_Party/FreeRTOS/Source/timers.o
 .text.prvTimerTask
                0x0800bfec       0x26 ./Middlewares/Third_Party/FreeRTOS/Source/timers.o
 *fill*         0x0800c012        0x2 
 .text.prvProcessTimerOrBlockTask
                0x0800c014       0x9c ./Middlewares/Third_Party/FreeRTOS/Source/timers.o
 .text.prvGetNextExpireTime
                0x0800c0b0       0x48 ./Middlewares/Third_Party/FreeRTOS/Source/timers.o
 .text.prvSampleTimeNow
                0x0800c0f8       0x40 ./Middlewares/Third_Party/FreeRTOS/Source/timers.o
 .text.prvInsertTimerInActiveList
                0x0800c138       0x84 ./Middlewares/Third_Party/FreeRTOS/Source/timers.o
 .text.prvProcessReceivedCommands
                0x0800c1bc      0x1cc ./Middlewares/Third_Party/FreeRTOS/Source/timers.o
 .text.prvSwitchTimerLists
                0x0800c388       0xcc ./Middlewares/Third_Party/FreeRTOS/Source/timers.o
 .text.prvCheckForValidListAndQueue
                0x0800c454       0x80 ./Middlewares/Third_Party/FreeRTOS/Source/timers.o
 .text.pxPortInitialiseStack
                0x0800c4d4       0x68 ./Middlewares/Third_Party/FreeRTOS/Source/portable/GCC/ARM_CM4F/port.o
                0x0800c4d4                pxPortInitialiseStack
 .text.prvTaskExitError
                0x0800c53c       0x5c ./Middlewares/Third_Party/FreeRTOS/Source/portable/GCC/ARM_CM4F/port.o
 *fill*         0x0800c598        0x8 
 .text.SVC_Handler
                0x0800c5a0       0x28 ./Middlewares/Third_Party/FreeRTOS/Source/portable/GCC/ARM_CM4F/port.o
                0x0800c5a0                SVC_Handler
 .text.prvPortStartFirstTask
                0x0800c5c8       0x28 ./Middlewares/Third_Party/FreeRTOS/Source/portable/GCC/ARM_CM4F/port.o
 .text.xPortStartScheduler
                0x0800c5f0      0x148 ./Middlewares/Third_Party/FreeRTOS/Source/portable/GCC/ARM_CM4F/port.o
                0x0800c5f0                xPortStartScheduler
 .text.vPortEnterCritical
                0x0800c738       0x64 ./Middlewares/Third_Party/FreeRTOS/Source/portable/GCC/ARM_CM4F/port.o
                0x0800c738                vPortEnterCritical
 .text.vPortExitCritical
                0x0800c79c       0x54 ./Middlewares/Third_Party/FreeRTOS/Source/portable/GCC/ARM_CM4F/port.o
                0x0800c79c                vPortExitCritical
 .text.PendSV_Handler
                0x0800c7f0       0x68 ./Middlewares/Third_Party/FreeRTOS/Source/portable/GCC/ARM_CM4F/port.o
                0x0800c7f0                PendSV_Handler
 .text.xPortSysTickHandler
                0x0800c858       0x44 ./Middlewares/Third_Party/FreeRTOS/Source/portable/GCC/ARM_CM4F/port.o
                0x0800c858                xPortSysTickHandler
 .text.vPortSetupTimerInterrupt
                0x0800c89c       0x48 ./Middlewares/Third_Party/FreeRTOS/Source/portable/GCC/ARM_CM4F/port.o
                0x0800c89c                vPortSetupTimerInterrupt
 .text.vPortEnableVFP
                0x0800c8e4       0x14 ./Middlewares/Third_Party/FreeRTOS/Source/portable/GCC/ARM_CM4F/port.o
 .text.vPortValidateInterruptPriority
                0x0800c8f8       0x84 ./Middlewares/Third_Party/FreeRTOS/Source/portable/GCC/ARM_CM4F/port.o
                0x0800c8f8                vPortValidateInterruptPriority
 .text.pvPortMalloc
                0x0800c97c      0x19c ./Middlewares/Third_Party/FreeRTOS/Source/portable/MemMang/heap_4.o
                0x0800c97c                pvPortMalloc
 .text.vPortFree
                0x0800cb18       0xc8 ./Middlewares/Third_Party/FreeRTOS/Source/portable/MemMang/heap_4.o
                0x0800cb18                vPortFree
 .text.prvHeapInit
                0x0800cbe0       0xc4 ./Middlewares/Third_Party/FreeRTOS/Source/portable/MemMang/heap_4.o
 .text.prvInsertBlockIntoFreeList
                0x0800cca4       0xb4 ./Middlewares/Third_Party/FreeRTOS/Source/portable/MemMang/heap_4.o
 .text.rand     0x0800cd58       0x7c D:/STM32CubeIDE_1.16.1/STM32CubeIDE/plugins/com.st.stm32cube.ide.mcu.externaltools.gnu-tools-for-stm32.12.3.rel1.win32_1.0.200.202406191623/tools/bin/../lib/gcc/arm-none-eabi/12.3.1/../../../../arm-none-eabi/lib/thumb/v7e-m+fp/hard\libc_nano.a(libc_a-rand.o)
                0x0800cd58                rand
 .text.__cvt    0x0800cdd4       0xca D:/STM32CubeIDE_1.16.1/STM32CubeIDE/plugins/com.st.stm32cube.ide.mcu.externaltools.gnu-tools-for-stm32.12.3.rel1.win32_1.0.200.202406191623/tools/bin/../lib/gcc/arm-none-eabi/12.3.1/../../../../arm-none-eabi/lib/thumb/v7e-m+fp/hard\libc_nano.a(libc_a-nano-vfprintf_float.o)
                0x0800cdd4                __cvt
 .text.__exponent
                0x0800ce9e       0x74 D:/STM32CubeIDE_1.16.1/STM32CubeIDE/plugins/com.st.stm32cube.ide.mcu.externaltools.gnu-tools-for-stm32.12.3.rel1.win32_1.0.200.202406191623/tools/bin/../lib/gcc/arm-none-eabi/12.3.1/../../../../arm-none-eabi/lib/thumb/v7e-m+fp/hard\libc_nano.a(libc_a-nano-vfprintf_float.o)
                0x0800ce9e                __exponent
 *fill*         0x0800cf12        0x2 
 .text._printf_float
                0x0800cf14      0x454 D:/STM32CubeIDE_1.16.1/STM32CubeIDE/plugins/com.st.stm32cube.ide.mcu.externaltools.gnu-tools-for-stm32.12.3.rel1.win32_1.0.200.202406191623/tools/bin/../lib/gcc/arm-none-eabi/12.3.1/../../../../arm-none-eabi/lib/thumb/v7e-m+fp/hard\libc_nano.a(libc_a-nano-vfprintf_float.o)
                0x0800cf14                _printf_float
 .text._printf_common
                0x0800d368       0xda D:/STM32CubeIDE_1.16.1/STM32CubeIDE/plugins/com.st.stm32cube.ide.mcu.externaltools.gnu-tools-for-stm32.12.3.rel1.win32_1.0.200.202406191623/tools/bin/../lib/gcc/arm-none-eabi/12.3.1/../../../../arm-none-eabi/lib/thumb/v7e-m+fp/hard\libc_nano.a(libc_a-nano-vfprintf_i.o)
                0x0800d368                _printf_common
 *fill*         0x0800d442        0x2 
 .text._printf_i
                0x0800d444      0x240 D:/STM32CubeIDE_1.16.1/STM32CubeIDE/plugins/com.st.stm32cube.ide.mcu.externaltools.gnu-tools-for-stm32.12.3.rel1.win32_1.0.200.202406191623/tools/bin/../lib/gcc/arm-none-eabi/12.3.1/../../../../arm-none-eabi/lib/thumb/v7e-m+fp/hard\libc_nano.a(libc_a-nano-vfprintf_i.o)
                0x0800d444                _printf_i
 .text.std      0x0800d684       0x6c D:/STM32CubeIDE_1.16.1/STM32CubeIDE/plugins/com.st.stm32cube.ide.mcu.externaltools.gnu-tools-for-stm32.12.3.rel1.win32_1.0.200.202406191623/tools/bin/../lib/gcc/arm-none-eabi/12.3.1/../../../../arm-none-eabi/lib/thumb/v7e-m+fp/hard\libc_nano.a(libc_a-findfp.o)
 .text.stdio_exit_handler
                0x0800d6f0       0x18 D:/STM32CubeIDE_1.16.1/STM32CubeIDE/plugins/com.st.stm32cube.ide.mcu.externaltools.gnu-tools-for-stm32.12.3.rel1.win32_1.0.200.202406191623/tools/bin/../lib/gcc/arm-none-eabi/12.3.1/../../../../arm-none-eabi/lib/thumb/v7e-m+fp/hard\libc_nano.a(libc_a-findfp.o)
 .text.cleanup_stdio
                0x0800d708       0x40 D:/STM32CubeIDE_1.16.1/STM32CubeIDE/plugins/com.st.stm32cube.ide.mcu.externaltools.gnu-tools-for-stm32.12.3.rel1.win32_1.0.200.202406191623/tools/bin/../lib/gcc/arm-none-eabi/12.3.1/../../../../arm-none-eabi/lib/thumb/v7e-m+fp/hard\libc_nano.a(libc_a-findfp.o)
 .text.global_stdio_init.part.0
                0x0800d748       0x3c D:/STM32CubeIDE_1.16.1/STM32CubeIDE/plugins/com.st.stm32cube.ide.mcu.externaltools.gnu-tools-for-stm32.12.3.rel1.win32_1.0.200.202406191623/tools/bin/../lib/gcc/arm-none-eabi/12.3.1/../../../../arm-none-eabi/lib/thumb/v7e-m+fp/hard\libc_nano.a(libc_a-findfp.o)
 .text.__sfp_lock_acquire
                0x0800d784        0xc D:/STM32CubeIDE_1.16.1/STM32CubeIDE/plugins/com.st.stm32cube.ide.mcu.externaltools.gnu-tools-for-stm32.12.3.rel1.win32_1.0.200.202406191623/tools/bin/../lib/gcc/arm-none-eabi/12.3.1/../../../../arm-none-eabi/lib/thumb/v7e-m+fp/hard\libc_nano.a(libc_a-findfp.o)
                0x0800d784                __sfp_lock_acquire
 .text.__sfp_lock_release
                0x0800d790        0xc D:/STM32CubeIDE_1.16.1/STM32CubeIDE/plugins/com.st.stm32cube.ide.mcu.externaltools.gnu-tools-for-stm32.12.3.rel1.win32_1.0.200.202406191623/tools/bin/../lib/gcc/arm-none-eabi/12.3.1/../../../../arm-none-eabi/lib/thumb/v7e-m+fp/hard\libc_nano.a(libc_a-findfp.o)
                0x0800d790                __sfp_lock_release
 .text.__sinit  0x0800d79c       0x30 D:/STM32CubeIDE_1.16.1/STM32CubeIDE/plugins/com.st.stm32cube.ide.mcu.externaltools.gnu-tools-for-stm32.12.3.rel1.win32_1.0.200.202406191623/tools/bin/../lib/gcc/arm-none-eabi/12.3.1/../../../../arm-none-eabi/lib/thumb/v7e-m+fp/hard\libc_nano.a(libc_a-findfp.o)
                0x0800d79c                __sinit
 .text._fwalk_sglue
                0x0800d7cc       0x3c D:/STM32CubeIDE_1.16.1/STM32CubeIDE/plugins/com.st.stm32cube.ide.mcu.externaltools.gnu-tools-for-stm32.12.3.rel1.win32_1.0.200.202406191623/tools/bin/../lib/gcc/arm-none-eabi/12.3.1/../../../../arm-none-eabi/lib/thumb/v7e-m+fp/hard\libc_nano.a(libc_a-fwalk.o)
                0x0800d7cc                _fwalk_sglue
 .text.printf   0x0800d808       0x24 D:/STM32CubeIDE_1.16.1/STM32CubeIDE/plugins/com.st.stm32cube.ide.mcu.externaltools.gnu-tools-for-stm32.12.3.rel1.win32_1.0.200.202406191623/tools/bin/../lib/gcc/arm-none-eabi/12.3.1/../../../../arm-none-eabi/lib/thumb/v7e-m+fp/hard\libc_nano.a(libc_a-printf.o)
                0x0800d808                iprintf
                0x0800d808                printf
 .text._puts_r  0x0800d82c       0xaa D:/STM32CubeIDE_1.16.1/STM32CubeIDE/plugins/com.st.stm32cube.ide.mcu.externaltools.gnu-tools-for-stm32.12.3.rel1.win32_1.0.200.202406191623/tools/bin/../lib/gcc/arm-none-eabi/12.3.1/../../../../arm-none-eabi/lib/thumb/v7e-m+fp/hard\libc_nano.a(libc_a-puts.o)
                0x0800d82c                _puts_r
 *fill*         0x0800d8d6        0x2 
 .text.puts     0x0800d8d8       0x10 D:/STM32CubeIDE_1.16.1/STM32CubeIDE/plugins/com.st.stm32cube.ide.mcu.externaltools.gnu-tools-for-stm32.12.3.rel1.win32_1.0.200.202406191623/tools/bin/../lib/gcc/arm-none-eabi/12.3.1/../../../../arm-none-eabi/lib/thumb/v7e-m+fp/hard\libc_nano.a(libc_a-puts.o)
                0x0800d8d8                puts
 .text.__sread  0x0800d8e8       0x22 D:/STM32CubeIDE_1.16.1/STM32CubeIDE/plugins/com.st.stm32cube.ide.mcu.externaltools.gnu-tools-for-stm32.12.3.rel1.win32_1.0.200.202406191623/tools/bin/../lib/gcc/arm-none-eabi/12.3.1/../../../../arm-none-eabi/lib/thumb/v7e-m+fp/hard\libc_nano.a(libc_a-stdio.o)
                0x0800d8e8                __sread
 .text.__swrite
                0x0800d90a       0x38 D:/STM32CubeIDE_1.16.1/STM32CubeIDE/plugins/com.st.stm32cube.ide.mcu.externaltools.gnu-tools-for-stm32.12.3.rel1.win32_1.0.200.202406191623/tools/bin/../lib/gcc/arm-none-eabi/12.3.1/../../../../arm-none-eabi/lib/thumb/v7e-m+fp/hard\libc_nano.a(libc_a-stdio.o)
                0x0800d90a                __swrite
 .text.__sseek  0x0800d942       0x24 D:/STM32CubeIDE_1.16.1/STM32CubeIDE/plugins/com.st.stm32cube.ide.mcu.externaltools.gnu-tools-for-stm32.12.3.rel1.win32_1.0.200.202406191623/tools/bin/../lib/gcc/arm-none-eabi/12.3.1/../../../../arm-none-eabi/lib/thumb/v7e-m+fp/hard\libc_nano.a(libc_a-stdio.o)
                0x0800d942                __sseek
 .text.__sclose
                0x0800d966        0x8 D:/STM32CubeIDE_1.16.1/STM32CubeIDE/plugins/com.st.stm32cube.ide.mcu.externaltools.gnu-tools-for-stm32.12.3.rel1.win32_1.0.200.202406191623/tools/bin/../lib/gcc/arm-none-eabi/12.3.1/../../../../arm-none-eabi/lib/thumb/v7e-m+fp/hard\libc_nano.a(libc_a-stdio.o)
                0x0800d966                __sclose
 .text.__swbuf_r
                0x0800d96e       0x7c D:/STM32CubeIDE_1.16.1/STM32CubeIDE/plugins/com.st.stm32cube.ide.mcu.externaltools.gnu-tools-for-stm32.12.3.rel1.win32_1.0.200.202406191623/tools/bin/../lib/gcc/arm-none-eabi/12.3.1/../../../../arm-none-eabi/lib/thumb/v7e-m+fp/hard\libc_nano.a(libc_a-wbuf.o)
                0x0800d96e                __swbuf_r
 *fill*         0x0800d9ea        0x2 
 .text.__swsetup_r
                0x0800d9ec       0xac D:/STM32CubeIDE_1.16.1/STM32CubeIDE/plugins/com.st.stm32cube.ide.mcu.externaltools.gnu-tools-for-stm32.12.3.rel1.win32_1.0.200.202406191623/tools/bin/../lib/gcc/arm-none-eabi/12.3.1/../../../../arm-none-eabi/lib/thumb/v7e-m+fp/hard\libc_nano.a(libc_a-wsetup.o)
                0x0800d9ec                __swsetup_r
 .text.memset   0x0800da98       0x10 D:/STM32CubeIDE_1.16.1/STM32CubeIDE/plugins/com.st.stm32cube.ide.mcu.externaltools.gnu-tools-for-stm32.12.3.rel1.win32_1.0.200.202406191623/tools/bin/../lib/gcc/arm-none-eabi/12.3.1/../../../../arm-none-eabi/lib/thumb/v7e-m+fp/hard\libc_nano.a(libc_a-memset.o)
                0x0800da98                memset
 .text._localeconv_r
                0x0800daa8        0x8 D:/STM32CubeIDE_1.16.1/STM32CubeIDE/plugins/com.st.stm32cube.ide.mcu.externaltools.gnu-tools-for-stm32.12.3.rel1.win32_1.0.200.202406191623/tools/bin/../lib/gcc/arm-none-eabi/12.3.1/../../../../arm-none-eabi/lib/thumb/v7e-m+fp/hard\libc_nano.a(libc_a-localeconv.o)
                0x0800daa8                _localeconv_r
 .text._close_r
                0x0800dab0       0x20 D:/STM32CubeIDE_1.16.1/STM32CubeIDE/plugins/com.st.stm32cube.ide.mcu.externaltools.gnu-tools-for-stm32.12.3.rel1.win32_1.0.200.202406191623/tools/bin/../lib/gcc/arm-none-eabi/12.3.1/../../../../arm-none-eabi/lib/thumb/v7e-m+fp/hard\libc_nano.a(libc_a-closer.o)
                0x0800dab0                _close_r
 .text._lseek_r
                0x0800dad0       0x24 D:/STM32CubeIDE_1.16.1/STM32CubeIDE/plugins/com.st.stm32cube.ide.mcu.externaltools.gnu-tools-for-stm32.12.3.rel1.win32_1.0.200.202406191623/tools/bin/../lib/gcc/arm-none-eabi/12.3.1/../../../../arm-none-eabi/lib/thumb/v7e-m+fp/hard\libc_nano.a(libc_a-lseekr.o)
                0x0800dad0                _lseek_r
 .text._read_r  0x0800daf4       0x24 D:/STM32CubeIDE_1.16.1/STM32CubeIDE/plugins/com.st.stm32cube.ide.mcu.externaltools.gnu-tools-for-stm32.12.3.rel1.win32_1.0.200.202406191623/tools/bin/../lib/gcc/arm-none-eabi/12.3.1/../../../../arm-none-eabi/lib/thumb/v7e-m+fp/hard\libc_nano.a(libc_a-readr.o)
                0x0800daf4                _read_r
 .text._write_r
                0x0800db18       0x24 D:/STM32CubeIDE_1.16.1/STM32CubeIDE/plugins/com.st.stm32cube.ide.mcu.externaltools.gnu-tools-for-stm32.12.3.rel1.win32_1.0.200.202406191623/tools/bin/../lib/gcc/arm-none-eabi/12.3.1/../../../../arm-none-eabi/lib/thumb/v7e-m+fp/hard\libc_nano.a(libc_a-writer.o)
                0x0800db18                _write_r
 .text.__errno  0x0800db3c        0xc D:/STM32CubeIDE_1.16.1/STM32CubeIDE/plugins/com.st.stm32cube.ide.mcu.externaltools.gnu-tools-for-stm32.12.3.rel1.win32_1.0.200.202406191623/tools/bin/../lib/gcc/arm-none-eabi/12.3.1/../../../../arm-none-eabi/lib/thumb/v7e-m+fp/hard\libc_nano.a(libc_a-errno.o)
                0x0800db3c                __errno
 .text.__libc_init_array
                0x0800db48       0x48 D:/STM32CubeIDE_1.16.1/STM32CubeIDE/plugins/com.st.stm32cube.ide.mcu.externaltools.gnu-tools-for-stm32.12.3.rel1.win32_1.0.200.202406191623/tools/bin/../lib/gcc/arm-none-eabi/12.3.1/../../../../arm-none-eabi/lib/thumb/v7e-m+fp/hard\libc_nano.a(libc_a-init.o)
                0x0800db48                __libc_init_array
 .text.__retarget_lock_init_recursive
                0x0800db90        0x2 D:/STM32CubeIDE_1.16.1/STM32CubeIDE/plugins/com.st.stm32cube.ide.mcu.externaltools.gnu-tools-for-stm32.12.3.rel1.win32_1.0.200.202406191623/tools/bin/../lib/gcc/arm-none-eabi/12.3.1/../../../../arm-none-eabi/lib/thumb/v7e-m+fp/hard\libc_nano.a(libc_a-lock.o)
                0x0800db90                __retarget_lock_init_recursive
 .text.__retarget_lock_acquire_recursive
                0x0800db92        0x2 D:/STM32CubeIDE_1.16.1/STM32CubeIDE/plugins/com.st.stm32cube.ide.mcu.externaltools.gnu-tools-for-stm32.12.3.rel1.win32_1.0.200.202406191623/tools/bin/../lib/gcc/arm-none-eabi/12.3.1/../../../../arm-none-eabi/lib/thumb/v7e-m+fp/hard\libc_nano.a(libc_a-lock.o)
                0x0800db92                __retarget_lock_acquire_recursive
 .text.__retarget_lock_release_recursive
                0x0800db94        0x2 D:/STM32CubeIDE_1.16.1/STM32CubeIDE/plugins/com.st.stm32cube.ide.mcu.externaltools.gnu-tools-for-stm32.12.3.rel1.win32_1.0.200.202406191623/tools/bin/../lib/gcc/arm-none-eabi/12.3.1/../../../../arm-none-eabi/lib/thumb/v7e-m+fp/hard\libc_nano.a(libc_a-lock.o)
                0x0800db94                __retarget_lock_release_recursive
 .text.memcpy   0x0800db96       0x1c D:/STM32CubeIDE_1.16.1/STM32CubeIDE/plugins/com.st.stm32cube.ide.mcu.externaltools.gnu-tools-for-stm32.12.3.rel1.win32_1.0.200.202406191623/tools/bin/../lib/gcc/arm-none-eabi/12.3.1/../../../../arm-none-eabi/lib/thumb/v7e-m+fp/hard\libc_nano.a(libc_a-memcpy-stub.o)
                0x0800db96                memcpy
 *fill*         0x0800dbb2        0x2 
 .text.__assert_func
                0x0800dbb4       0x3c D:/STM32CubeIDE_1.16.1/STM32CubeIDE/plugins/com.st.stm32cube.ide.mcu.externaltools.gnu-tools-for-stm32.12.3.rel1.win32_1.0.200.202406191623/tools/bin/../lib/gcc/arm-none-eabi/12.3.1/../../../../arm-none-eabi/lib/thumb/v7e-m+fp/hard\libc_nano.a(libc_a-assert.o)
                0x0800dbb4                __assert_func
 .text.quorem   0x0800dbf0      0x110 D:/STM32CubeIDE_1.16.1/STM32CubeIDE/plugins/com.st.stm32cube.ide.mcu.externaltools.gnu-tools-for-stm32.12.3.rel1.win32_1.0.200.202406191623/tools/bin/../lib/gcc/arm-none-eabi/12.3.1/../../../../arm-none-eabi/lib/thumb/v7e-m+fp/hard\libc_nano.a(libc_a-dtoa.o)
 .text._dtoa_r  0x0800dd00      0xb88 D:/STM32CubeIDE_1.16.1/STM32CubeIDE/plugins/com.st.stm32cube.ide.mcu.externaltools.gnu-tools-for-stm32.12.3.rel1.win32_1.0.200.202406191623/tools/bin/../lib/gcc/arm-none-eabi/12.3.1/../../../../arm-none-eabi/lib/thumb/v7e-m+fp/hard\libc_nano.a(libc_a-dtoa.o)
                0x0800dd00                _dtoa_r
 .text._free_r  0x0800e888       0x94 D:/STM32CubeIDE_1.16.1/STM32CubeIDE/plugins/com.st.stm32cube.ide.mcu.externaltools.gnu-tools-for-stm32.12.3.rel1.win32_1.0.200.202406191623/tools/bin/../lib/gcc/arm-none-eabi/12.3.1/../../../../arm-none-eabi/lib/thumb/v7e-m+fp/hard\libc_nano.a(libc_a-freer.o)
                0x0800e888                _free_r
 .text.malloc   0x0800e91c       0x10 D:/STM32CubeIDE_1.16.1/STM32CubeIDE/plugins/com.st.stm32cube.ide.mcu.externaltools.gnu-tools-for-stm32.12.3.rel1.win32_1.0.200.202406191623/tools/bin/../lib/gcc/arm-none-eabi/12.3.1/../../../../arm-none-eabi/lib/thumb/v7e-m+fp/hard\libc_nano.a(libc_a-malloc.o)
                0x0800e91c                malloc
 .text.sbrk_aligned
                0x0800e92c       0x44 D:/STM32CubeIDE_1.16.1/STM32CubeIDE/plugins/com.st.stm32cube.ide.mcu.externaltools.gnu-tools-for-stm32.12.3.rel1.win32_1.0.200.202406191623/tools/bin/../lib/gcc/arm-none-eabi/12.3.1/../../../../arm-none-eabi/lib/thumb/v7e-m+fp/hard\libc_nano.a(libc_a-mallocr.o)
 .text._malloc_r
                0x0800e970      0x100 D:/STM32CubeIDE_1.16.1/STM32CubeIDE/plugins/com.st.stm32cube.ide.mcu.externaltools.gnu-tools-for-stm32.12.3.rel1.win32_1.0.200.202406191623/tools/bin/../lib/gcc/arm-none-eabi/12.3.1/../../../../arm-none-eabi/lib/thumb/v7e-m+fp/hard\libc_nano.a(libc_a-mallocr.o)
                0x0800e970                _malloc_r
 .text.__malloc_lock
                0x0800ea70        0xc D:/STM32CubeIDE_1.16.1/STM32CubeIDE/plugins/com.st.stm32cube.ide.mcu.externaltools.gnu-tools-for-stm32.12.3.rel1.win32_1.0.200.202406191623/tools/bin/../lib/gcc/arm-none-eabi/12.3.1/../../../../arm-none-eabi/lib/thumb/v7e-m+fp/hard\libc_nano.a(libc_a-mlock.o)
                0x0800ea70                __malloc_lock
 .text.__malloc_unlock
                0x0800ea7c        0xc D:/STM32CubeIDE_1.16.1/STM32CubeIDE/plugins/com.st.stm32cube.ide.mcu.externaltools.gnu-tools-for-stm32.12.3.rel1.win32_1.0.200.202406191623/tools/bin/../lib/gcc/arm-none-eabi/12.3.1/../../../../arm-none-eabi/lib/thumb/v7e-m+fp/hard\libc_nano.a(libc_a-mlock.o)
                0x0800ea7c                __malloc_unlock
 .text._Balloc  0x0800ea88       0x80 D:/STM32CubeIDE_1.16.1/STM32CubeIDE/plugins/com.st.stm32cube.ide.mcu.externaltools.gnu-tools-for-stm32.12.3.rel1.win32_1.0.200.202406191623/tools/bin/../lib/gcc/arm-none-eabi/12.3.1/../../../../arm-none-eabi/lib/thumb/v7e-m+fp/hard\libc_nano.a(libc_a-mprec.o)
                0x0800ea88                _Balloc
 .text._Bfree   0x0800eb08       0x44 D:/STM32CubeIDE_1.16.1/STM32CubeIDE/plugins/com.st.stm32cube.ide.mcu.externaltools.gnu-tools-for-stm32.12.3.rel1.win32_1.0.200.202406191623/tools/bin/../lib/gcc/arm-none-eabi/12.3.1/../../../../arm-none-eabi/lib/thumb/v7e-m+fp/hard\libc_nano.a(libc_a-mprec.o)
                0x0800eb08                _Bfree
 .text.__multadd
                0x0800eb4c       0x8c D:/STM32CubeIDE_1.16.1/STM32CubeIDE/plugins/com.st.stm32cube.ide.mcu.externaltools.gnu-tools-for-stm32.12.3.rel1.win32_1.0.200.202406191623/tools/bin/../lib/gcc/arm-none-eabi/12.3.1/../../../../arm-none-eabi/lib/thumb/v7e-m+fp/hard\libc_nano.a(libc_a-mprec.o)
                0x0800eb4c                __multadd
 .text.__hi0bits
                0x0800ebd8       0x3e D:/STM32CubeIDE_1.16.1/STM32CubeIDE/plugins/com.st.stm32cube.ide.mcu.externaltools.gnu-tools-for-stm32.12.3.rel1.win32_1.0.200.202406191623/tools/bin/../lib/gcc/arm-none-eabi/12.3.1/../../../../arm-none-eabi/lib/thumb/v7e-m+fp/hard\libc_nano.a(libc_a-mprec.o)
                0x0800ebd8                __hi0bits
 .text.__lo0bits
                0x0800ec16       0x5a D:/STM32CubeIDE_1.16.1/STM32CubeIDE/plugins/com.st.stm32cube.ide.mcu.externaltools.gnu-tools-for-stm32.12.3.rel1.win32_1.0.200.202406191623/tools/bin/../lib/gcc/arm-none-eabi/12.3.1/../../../../arm-none-eabi/lib/thumb/v7e-m+fp/hard\libc_nano.a(libc_a-mprec.o)
                0x0800ec16                __lo0bits
 .text.__i2b    0x0800ec70       0x2c D:/STM32CubeIDE_1.16.1/STM32CubeIDE/plugins/com.st.stm32cube.ide.mcu.externaltools.gnu-tools-for-stm32.12.3.rel1.win32_1.0.200.202406191623/tools/bin/../lib/gcc/arm-none-eabi/12.3.1/../../../../arm-none-eabi/lib/thumb/v7e-m+fp/hard\libc_nano.a(libc_a-mprec.o)
                0x0800ec70                __i2b
 .text.__multiply
                0x0800ec9c      0x154 D:/STM32CubeIDE_1.16.1/STM32CubeIDE/plugins/com.st.stm32cube.ide.mcu.externaltools.gnu-tools-for-stm32.12.3.rel1.win32_1.0.200.202406191623/tools/bin/../lib/gcc/arm-none-eabi/12.3.1/../../../../arm-none-eabi/lib/thumb/v7e-m+fp/hard\libc_nano.a(libc_a-mprec.o)
                0x0800ec9c                __multiply
 .text.__pow5mult
                0x0800edf0       0xb4 D:/STM32CubeIDE_1.16.1/STM32CubeIDE/plugins/com.st.stm32cube.ide.mcu.externaltools.gnu-tools-for-stm32.12.3.rel1.win32_1.0.200.202406191623/tools/bin/../lib/gcc/arm-none-eabi/12.3.1/../../../../arm-none-eabi/lib/thumb/v7e-m+fp/hard\libc_nano.a(libc_a-mprec.o)
                0x0800edf0                __pow5mult
 .text.__lshift
                0x0800eea4       0xd8 D:/STM32CubeIDE_1.16.1/STM32CubeIDE/plugins/com.st.stm32cube.ide.mcu.externaltools.gnu-tools-for-stm32.12.3.rel1.win32_1.0.200.202406191623/tools/bin/../lib/gcc/arm-none-eabi/12.3.1/../../../../arm-none-eabi/lib/thumb/v7e-m+fp/hard\libc_nano.a(libc_a-mprec.o)
                0x0800eea4                __lshift
 .text.__mcmp   0x0800ef7c       0x36 D:/STM32CubeIDE_1.16.1/STM32CubeIDE/plugins/com.st.stm32cube.ide.mcu.externaltools.gnu-tools-for-stm32.12.3.rel1.win32_1.0.200.202406191623/tools/bin/../lib/gcc/arm-none-eabi/12.3.1/../../../../arm-none-eabi/lib/thumb/v7e-m+fp/hard\libc_nano.a(libc_a-mprec.o)
                0x0800ef7c                __mcmp
 *fill*         0x0800efb2        0x2 
 .text.__mdiff  0x0800efb4      0x128 D:/STM32CubeIDE_1.16.1/STM32CubeIDE/plugins/com.st.stm32cube.ide.mcu.externaltools.gnu-tools-for-stm32.12.3.rel1.win32_1.0.200.202406191623/tools/bin/../lib/gcc/arm-none-eabi/12.3.1/../../../../arm-none-eabi/lib/thumb/v7e-m+fp/hard\libc_nano.a(libc_a-mprec.o)
                0x0800efb4                __mdiff
 .text.__d2b    0x0800f0dc       0xb0 D:/STM32CubeIDE_1.16.1/STM32CubeIDE/plugins/com.st.stm32cube.ide.mcu.externaltools.gnu-tools-for-stm32.12.3.rel1.win32_1.0.200.202406191623/tools/bin/../lib/gcc/arm-none-eabi/12.3.1/../../../../arm-none-eabi/lib/thumb/v7e-m+fp/hard\libc_nano.a(libc_a-mprec.o)
                0x0800f0dc                __d2b
 .text.__sfputc_r
                0x0800f18c       0x2e D:/STM32CubeIDE_1.16.1/STM32CubeIDE/plugins/com.st.stm32cube.ide.mcu.externaltools.gnu-tools-for-stm32.12.3.rel1.win32_1.0.200.202406191623/tools/bin/../lib/gcc/arm-none-eabi/12.3.1/../../../../arm-none-eabi/lib/thumb/v7e-m+fp/hard\libc_nano.a(libc_a-nano-vfprintf.o)
 .text.__sfputs_r
                0x0800f1ba       0x24 D:/STM32CubeIDE_1.16.1/STM32CubeIDE/plugins/com.st.stm32cube.ide.mcu.externaltools.gnu-tools-for-stm32.12.3.rel1.win32_1.0.200.202406191623/tools/bin/../lib/gcc/arm-none-eabi/12.3.1/../../../../arm-none-eabi/lib/thumb/v7e-m+fp/hard\libc_nano.a(libc_a-nano-vfprintf.o)
                0x0800f1ba                __sfputs_r
 *fill*         0x0800f1de        0x2 
 .text._vfprintf_r
                0x0800f1e0      0x230 D:/STM32CubeIDE_1.16.1/STM32CubeIDE/plugins/com.st.stm32cube.ide.mcu.externaltools.gnu-tools-for-stm32.12.3.rel1.win32_1.0.200.202406191623/tools/bin/../lib/gcc/arm-none-eabi/12.3.1/../../../../arm-none-eabi/lib/thumb/v7e-m+fp/hard\libc_nano.a(libc_a-nano-vfprintf.o)
                0x0800f1e0                _vfprintf_r
                0x0800f1e0                _vfiprintf_r
 .text.__sflush_r
                0x0800f410      0x108 D:/STM32CubeIDE_1.16.1/STM32CubeIDE/plugins/com.st.stm32cube.ide.mcu.externaltools.gnu-tools-for-stm32.12.3.rel1.win32_1.0.200.202406191623/tools/bin/../lib/gcc/arm-none-eabi/12.3.1/../../../../arm-none-eabi/lib/thumb/v7e-m+fp/hard\libc_nano.a(libc_a-fflush.o)
                0x0800f410                __sflush_r
 .text._fflush_r
                0x0800f518       0x50 D:/STM32CubeIDE_1.16.1/STM32CubeIDE/plugins/com.st.stm32cube.ide.mcu.externaltools.gnu-tools-for-stm32.12.3.rel1.win32_1.0.200.202406191623/tools/bin/../lib/gcc/arm-none-eabi/12.3.1/../../../../arm-none-eabi/lib/thumb/v7e-m+fp/hard\libc_nano.a(libc_a-fflush.o)
                0x0800f518                _fflush_r
 .text.fprintf  0x0800f568       0x24 D:/STM32CubeIDE_1.16.1/STM32CubeIDE/plugins/com.st.stm32cube.ide.mcu.externaltools.gnu-tools-for-stm32.12.3.rel1.win32_1.0.200.202406191623/tools/bin/../lib/gcc/arm-none-eabi/12.3.1/../../../../arm-none-eabi/lib/thumb/v7e-m+fp/hard\libc_nano.a(libc_a-fprintf.o)
                0x0800f568                fiprintf
                0x0800f568                fprintf
 .text.__swhatbuf_r
                0x0800f58c       0x4c D:/STM32CubeIDE_1.16.1/STM32CubeIDE/plugins/com.st.stm32cube.ide.mcu.externaltools.gnu-tools-for-stm32.12.3.rel1.win32_1.0.200.202406191623/tools/bin/../lib/gcc/arm-none-eabi/12.3.1/../../../../arm-none-eabi/lib/thumb/v7e-m+fp/hard\libc_nano.a(libc_a-makebuf.o)
                0x0800f58c                __swhatbuf_r
 .text.__smakebuf_r
                0x0800f5d8       0x78 D:/STM32CubeIDE_1.16.1/STM32CubeIDE/plugins/com.st.stm32cube.ide.mcu.externaltools.gnu-tools-for-stm32.12.3.rel1.win32_1.0.200.202406191623/tools/bin/../lib/gcc/arm-none-eabi/12.3.1/../../../../arm-none-eabi/lib/thumb/v7e-m+fp/hard\libc_nano.a(libc_a-makebuf.o)
                0x0800f5d8                __smakebuf_r
 .text._fstat_r
                0x0800f650       0x24 D:/STM32CubeIDE_1.16.1/STM32CubeIDE/plugins/com.st.stm32cube.ide.mcu.externaltools.gnu-tools-for-stm32.12.3.rel1.win32_1.0.200.202406191623/tools/bin/../lib/gcc/arm-none-eabi/12.3.1/../../../../arm-none-eabi/lib/thumb/v7e-m+fp/hard\libc_nano.a(libc_a-fstatr.o)
                0x0800f650                _fstat_r
 .text._isatty_r
                0x0800f674       0x20 D:/STM32CubeIDE_1.16.1/STM32CubeIDE/plugins/com.st.stm32cube.ide.mcu.externaltools.gnu-tools-for-stm32.12.3.rel1.win32_1.0.200.202406191623/tools/bin/../lib/gcc/arm-none-eabi/12.3.1/../../../../arm-none-eabi/lib/thumb/v7e-m+fp/hard\libc_nano.a(libc_a-isattyr.o)
                0x0800f674                _isatty_r
 .text._sbrk_r  0x0800f694       0x20 D:/STM32CubeIDE_1.16.1/STM32CubeIDE/plugins/com.st.stm32cube.ide.mcu.externaltools.gnu-tools-for-stm32.12.3.rel1.win32_1.0.200.202406191623/tools/bin/../lib/gcc/arm-none-eabi/12.3.1/../../../../arm-none-eabi/lib/thumb/v7e-m+fp/hard\libc_nano.a(libc_a-sbrkr.o)
                0x0800f694                _sbrk_r
 .text.abort    0x0800f6b4        0xe D:/STM32CubeIDE_1.16.1/STM32CubeIDE/plugins/com.st.stm32cube.ide.mcu.externaltools.gnu-tools-for-stm32.12.3.rel1.win32_1.0.200.202406191623/tools/bin/../lib/gcc/arm-none-eabi/12.3.1/../../../../arm-none-eabi/lib/thumb/v7e-m+fp/hard\libc_nano.a(libc_a-abort.o)
                0x0800f6b4                abort
 .text._calloc_r
                0x0800f6c2       0x28 D:/STM32CubeIDE_1.16.1/STM32CubeIDE/plugins/com.st.stm32cube.ide.mcu.externaltools.gnu-tools-for-stm32.12.3.rel1.win32_1.0.200.202406191623/tools/bin/../lib/gcc/arm-none-eabi/12.3.1/../../../../arm-none-eabi/lib/thumb/v7e-m+fp/hard\libc_nano.a(libc_a-callocr.o)
                0x0800f6c2                _calloc_r
 .text.__ascii_mbtowc
                0x0800f6ea       0x24 D:/STM32CubeIDE_1.16.1/STM32CubeIDE/plugins/com.st.stm32cube.ide.mcu.externaltools.gnu-tools-for-stm32.12.3.rel1.win32_1.0.200.202406191623/tools/bin/../lib/gcc/arm-none-eabi/12.3.1/../../../../arm-none-eabi/lib/thumb/v7e-m+fp/hard\libc_nano.a(libc_a-mbtowc_r.o)
                0x0800f6ea                __ascii_mbtowc
 .text.__ascii_wctomb
                0x0800f70e       0x1a D:/STM32CubeIDE_1.16.1/STM32CubeIDE/plugins/com.st.stm32cube.ide.mcu.externaltools.gnu-tools-for-stm32.12.3.rel1.win32_1.0.200.202406191623/tools/bin/../lib/gcc/arm-none-eabi/12.3.1/../../../../arm-none-eabi/lib/thumb/v7e-m+fp/hard\libc_nano.a(libc_a-wctomb_r.o)
                0x0800f70e                __ascii_wctomb
 .text._raise_r
                0x0800f728       0x50 D:/STM32CubeIDE_1.16.1/STM32CubeIDE/plugins/com.st.stm32cube.ide.mcu.externaltools.gnu-tools-for-stm32.12.3.rel1.win32_1.0.200.202406191623/tools/bin/../lib/gcc/arm-none-eabi/12.3.1/../../../../arm-none-eabi/lib/thumb/v7e-m+fp/hard\libc_nano.a(libc_a-signal.o)
                0x0800f728                _raise_r
 .text.raise    0x0800f778       0x10 D:/STM32CubeIDE_1.16.1/STM32CubeIDE/plugins/com.st.stm32cube.ide.mcu.externaltools.gnu-tools-for-stm32.12.3.rel1.win32_1.0.200.202406191623/tools/bin/../lib/gcc/arm-none-eabi/12.3.1/../../../../arm-none-eabi/lib/thumb/v7e-m+fp/hard\libc_nano.a(libc_a-signal.o)
                0x0800f778                raise
 .text._kill_r  0x0800f788       0x24 D:/STM32CubeIDE_1.16.1/STM32CubeIDE/plugins/com.st.stm32cube.ide.mcu.externaltools.gnu-tools-for-stm32.12.3.rel1.win32_1.0.200.202406191623/tools/bin/../lib/gcc/arm-none-eabi/12.3.1/../../../../arm-none-eabi/lib/thumb/v7e-m+fp/hard\libc_nano.a(libc_a-signalr.o)