/Users/walkerhsu/school/G4/ES_lab/ES_lab_HW2/STM32CubeL4/Projects/B-L475E-IOT01A/Applications/WiFi/WiFi_Client_Server/Src/main.c:78:5:main	8
/Users/walkerhsu/school/G4/ES_lab/ES_lab_HW2/STM32CubeL4/Projects/B-L475E-IOT01A/Applications/WiFi/WiFi_Client_Server/Src/main.c:253:13:SystemClock_Config	3
/Users/walkerhsu/school/G4/ES_lab/ES_lab_HW2/STM32CubeL4/Projects/B-L475E-IOT01A/Applications/WiFi/WiFi_Client_Server/Src/main.c:296:1:__io_putchar	1
/Users/walkerhsu/school/G4/ES_lab/ES_lab_HW2/STM32CubeL4/Projects/B-L475E-IOT01A/Applications/WiFi/WiFi_Client_Server/Src/main.c:331:6:HAL_GPIO_EXTI_Callback	2
/Users/walkerhsu/school/G4/ES_lab/ES_lab_HW2/STM32CubeL4/Projects/B-L475E-IOT01A/Applications/WiFi/WiFi_Client_Server/Src/main.c:347:6:SPI3_IRQHandler	1
/Users/walkerhsu/school/G4/ES_lab/ES_lab_HW2/STM32CubeL4/Projects/B-L475E-IOT01A/Applications/WiFi/WiFi_Client_Server/Src/main.c:352:8:get_needed_size	2
/Users/walkerhsu/school/G4/ES_lab/ES_lab_HW2/STM32CubeL4/Projects/B-L475E-IOT01A/Applications/WiFi/WiFi_Client_Server/Src/main.c:364:10:convert_int16_to_string	4
/Users/walkerhsu/school/G4/ES_lab/ES_lab_HW2/STM32CubeL4/Projects/B-L475E-IOT01A/Applications/WiFi/WiFi_Client_Server/Src/main.c:390:6:waitingLoop	3
