../Core/Src/main.c:144:5:main	8	static
../Core/Src/main.c:261:6:SystemClock_Config	96	static
../Core/Src/main.c:322:13:MX_DFSDM1_Init	8	static
../Core/Src/main.c:360:13:MX_I2C2_Init	8	static
../Core/Src/main.c:408:13:MX_QUADSPI_Init	8	static
../Core/Src/main.c:441:13:MX_SPI3_Init	8	static
../Core/Src/main.c:481:13:MX_TIM6_Init	24	static
../Core/Src/main.c:519:13:MX_USART1_UART_Init	8	static
../Core/Src/main.c:554:13:MX_USART3_UART_Init	8	static
../Core/Src/main.c:589:13:MX_USB_OTG_FS_PCD_Init	8	static
../Core/Src/main.c:624:13:MX_GPIO_Init	48	static
../Core/Src/main.c:811:6:HAL_GPIO_EXTI_Callback	16	static
../Core/Src/main.c:841:6:StartProcessTask1	24	static
../Core/Src/main.c:877:6:StartTask1	40	static
../Core/Src/main.c:927:6:StartTask2	24	static
../Core/Src/main.c:951:6:DefaultTimerCallback	16	static
../Core/Src/main.c:959:6:TimerCallback	16	static
../Core/Src/main.c:972:6:Error_Handler	4	static,ignoring_inline_asm
