../Core/Src/main.c:171:5:main	16	static
../Core/Src/main.c:300:6:SystemClock_Config	96	static
../Core/Src/main.c:361:13:MX_DFSDM1_Init	8	static
../Core/Src/main.c:399:13:MX_I2C2_Init	8	static
../Core/Src/main.c:447:13:MX_QUADSPI_Init	8	static
../Core/Src/main.c:480:13:MX_TIM1_Init	40	static
../Core/Src/main.c:527:13:MX_TIM2_Init	40	static
../Core/Src/main.c:572:13:MX_USART3_UART_Init	8	static
../Core/Src/main.c:607:13:MX_USB_OTG_FS_PCD_Init	8	static
../Core/Src/main.c:642:13:MX_GPIO_Init	48	static
../Core/Src/main.c:815:6:HAL_TIM_PeriodElapsedCallback	24	static
../Core/Src/main.c:838:6:StartTaskAcc	16	static
../Core/Src/main.c:856:6:StartTaskFilter	24	static
../Core/Src/main.c:896:6:StartTaskVis	16	static
../Core/Src/main.c:919:6:Error_Handler	4	static,ignoring_inline_asm
