../Core/Src/main.c:170:5:main	16	static
../Core/Src/main.c:299:6:SystemClock_Config	96	static
../Core/Src/main.c:360:13:MX_DFSDM1_Init	8	static
../Core/Src/main.c:398:13:MX_I2C2_Init	8	static
../Core/Src/main.c:446:13:MX_QUADSPI_Init	8	static
../Core/Src/main.c:479:13:MX_TIM1_Init	40	static
../Core/Src/main.c:526:13:MX_TIM2_Init	40	static
../Core/Src/main.c:571:13:MX_USART3_UART_Init	8	static
../Core/Src/main.c:606:13:MX_USB_OTG_FS_PCD_Init	8	static
../Core/Src/main.c:641:13:MX_GPIO_Init	48	static
../Core/Src/main.c:814:6:HAL_TIM_PeriodElapsedCallback	24	static
../Core/Src/main.c:838:6:StartTaskAcc	16	static
../Core/Src/main.c:856:6:StartTaskFilter	24	static
../Core/Src/main.c:892:6:StartTaskVis	16	static
../Core/Src/main.c:915:6:Error_Handler	4	static,ignoring_inline_asm
