../Drivers/BSP/B-L475E-IOT01A2/b_l475e_iot01a2.c:145:9:BSP_GetVersion	4	static
../Drivers/BSP/B-L475E-IOT01A2/b_l475e_iot01a2.c:157:9:BSP_LED_Init	16	static
../Drivers/BSP/B-L475E-IOT01A2/b_l475e_iot01a2.c:172:9:BSP_LED_DeInit	40	static
../Drivers/BSP/B-L475E-IOT01A2/b_l475e_iot01a2.c:195:9:BSP_LED_On	16	static
../Drivers/BSP/B-L475E-IOT01A2/b_l475e_iot01a2.c:212:9:BSP_LED_Off	16	static
../Drivers/BSP/B-L475E-IOT01A2/b_l475e_iot01a2.c:229:9:BSP_LED_Toggle	16	static
../Drivers/BSP/B-L475E-IOT01A2/b_l475e_iot01a2.c:246:9:BSP_LED_GetState	16	static
../Drivers/BSP/B-L475E-IOT01A2/b_l475e_iot01a2.c:254:13:LED_USER_GPIO_Init	40	static
../Drivers/BSP/B-L475E-IOT01A2/b_l475e_iot01a2.c:288:9:BSP_PB_Init	24	static
../Drivers/BSP/B-L475E-IOT01A2/b_l475e_iot01a2.c:328:9:BSP_PB_DeInit	40	static
../Drivers/BSP/B-L475E-IOT01A2/b_l475e_iot01a2.c:346:9:BSP_PB_GetState	16	static
../Drivers/BSP/B-L475E-IOT01A2/b_l475e_iot01a2.c:355:6:BSP_PB_IRQHandler	16	static
../Drivers/BSP/B-L475E-IOT01A2/b_l475e_iot01a2.c:365:13:BSP_PB_Callback	16	static
../Drivers/BSP/B-L475E-IOT01A2/b_l475e_iot01a2.c:378:13:BUTTON_USER_EXTI_Callback	8	static
../Drivers/BSP/B-L475E-IOT01A2/b_l475e_iot01a2.c:387:13:BUTTON_USER_GPIO_Init	40	static
../Drivers/BSP/B-L475E-IOT01A2/b_l475e_iot01a2.c:414:9:BSP_COM_Init	24	static
../Drivers/BSP/B-L475E-IOT01A2/b_l475e_iot01a2.c:452:9:BSP_COM_DeInit	24	static
../Drivers/BSP/B-L475E-IOT01A2/b_l475e_iot01a2.c:488:13:I2Cx_MspInit	48	static
../Drivers/BSP/B-L475E-IOT01A2/b_l475e_iot01a2.c:530:13:I2Cx_MspDeInit	40	static
../Drivers/BSP/B-L475E-IOT01A2/b_l475e_iot01a2.c:549:13:I2Cx_Init	16	static
../Drivers/BSP/B-L475E-IOT01A2/b_l475e_iot01a2.c:574:13:I2Cx_DeInit	16	static
../Drivers/BSP/B-L475E-IOT01A2/b_l475e_iot01a2.c:590:26:I2Cx_ReadMultiple	48	static
../Drivers/BSP/B-L475E-IOT01A2/b_l475e_iot01a2.c:616:26:I2Cx_WriteMultiple	48	static
../Drivers/BSP/B-L475E-IOT01A2/b_l475e_iot01a2.c:639:26:I2Cx_IsDeviceReady	24	static
../Drivers/BSP/B-L475E-IOT01A2/b_l475e_iot01a2.c:650:13:I2Cx_Error	16	static
../Drivers/BSP/B-L475E-IOT01A2/b_l475e_iot01a2.c:672:6:SENSOR_IO_Init	8	static
../Drivers/BSP/B-L475E-IOT01A2/b_l475e_iot01a2.c:681:6:SENSOR_IO_DeInit	8	static
../Drivers/BSP/B-L475E-IOT01A2/b_l475e_iot01a2.c:693:6:SENSOR_IO_Write	24	static
../Drivers/BSP/B-L475E-IOT01A2/b_l475e_iot01a2.c:704:9:SENSOR_IO_Read	32	static
../Drivers/BSP/B-L475E-IOT01A2/b_l475e_iot01a2.c:722:10:SENSOR_IO_ReadMultiple	24	static
../Drivers/BSP/B-L475E-IOT01A2/b_l475e_iot01a2.c:736:6:SENSOR_IO_WriteMultiple	24	static
../Drivers/BSP/B-L475E-IOT01A2/b_l475e_iot01a2.c:748:19:SENSOR_IO_IsDeviceReady	16	static
../Drivers/BSP/B-L475E-IOT01A2/b_l475e_iot01a2.c:758:6:SENSOR_IO_Delay	16	static
../Drivers/BSP/B-L475E-IOT01A2/b_l475e_iot01a2.c:771:6:NFC_IO_Init	40	static
../Drivers/BSP/B-L475E-IOT01A2/b_l475e_iot01a2.c:813:6:NFC_IO_DeInit	8	static
../Drivers/BSP/B-L475E-IOT01A2/b_l475e_iot01a2.c:825:10:NFC_IO_ReadMultiple	32	static
../Drivers/BSP/B-L475E-IOT01A2/b_l475e_iot01a2.c:851:11:NFC_IO_WriteMultiple	32	static
../Drivers/BSP/B-L475E-IOT01A2/b_l475e_iot01a2.c:876:12:NFC_IO_IsDeviceReady	32	static
../Drivers/BSP/B-L475E-IOT01A2/b_l475e_iot01a2.c:904:6:NFC_IO_ReadState	16	static
../Drivers/BSP/B-L475E-IOT01A2/b_l475e_iot01a2.c:913:6:NFC_IO_RfDisable	16	static
../Drivers/BSP/B-L475E-IOT01A2/b_l475e_iot01a2.c:923:6:NFC_IO_Delay	16	static
../Drivers/BSP/B-L475E-IOT01A2/b_l475e_iot01a2.c:939:26:MX_USART1_UART_Init	24	static
../Drivers/BSP/B-L475E-IOT01A2/b_l475e_iot01a2.c:1043:9:BSP_COM_SelectLogPort	16	static
../Drivers/BSP/B-L475E-IOT01A2/b_l475e_iot01a2.c:1089:5:__io_putchar	16	static
../Drivers/BSP/B-L475E-IOT01A2/b_l475e_iot01a2.c:1102:13:USART1_MspInit	184	static
../Drivers/BSP/B-L475E-IOT01A2/b_l475e_iot01a2.c:1143:13:USART1_MspDeInit	16	static
